Archive member included to satisfy reference by file (symbol)

/home/yongkyun/glibc/build/libc_pic.a(check_fds.os)
                              /home/yongkyun/glibc/build/elf/dl-allobjs.os (__libc_check_standard_fds)
/home/yongkyun/glibc/build/libc_pic.a(errno.os)
                              /home/yongkyun/glibc/build/libc_pic.a(check_fds.os) (__libc_errno)
/home/yongkyun/glibc/build/libc_pic.a(setjmp.os)
                              /home/yongkyun/glibc/build/elf/dl-allobjs.os (__sigsetjmp)
/home/yongkyun/glibc/build/libc_pic.a(__longjmp.os)
                              /home/yongkyun/glibc/build/elf/dl-allobjs.os (__longjmp)
/home/yongkyun/glibc/build/libc_pic.a(strchr.os)
                              /home/yongkyun/glibc/build/elf/dl-allobjs.os (strchr)
/home/yongkyun/glibc/build/libc_pic.a(strcmp.os)
                              /home/yongkyun/glibc/build/elf/dl-allobjs.os (strcmp)
/home/yongkyun/glibc/build/libc_pic.a(strcspn.os)
                              /home/yongkyun/glibc/build/elf/dl-allobjs.os (strcspn)
/home/yongkyun/glibc/build/libc_pic.a(strdup.os)
                              /home/yongkyun/glibc/build/elf/dl-allobjs.os (__strdup)
/home/yongkyun/glibc/build/libc_pic.a(strlen.os)
                              /home/yongkyun/glibc/build/elf/dl-allobjs.os (strlen)
/home/yongkyun/glibc/build/libc_pic.a(strnlen.os)
                              /home/yongkyun/glibc/build/elf/dl-allobjs.os (strnlen)
/home/yongkyun/glibc/build/libc_pic.a(memchr.os)
                              /home/yongkyun/glibc/build/elf/dl-allobjs.os (memchr)
/home/yongkyun/glibc/build/libc_pic.a(memcmp.os)
                              /home/yongkyun/glibc/build/elf/dl-allobjs.os (memcmp)
/home/yongkyun/glibc/build/libc_pic.a(memmove.os)
                              /home/yongkyun/glibc/build/elf/dl-allobjs.os (memmove)
/home/yongkyun/glibc/build/libc_pic.a(memset.os)
                              /home/yongkyun/glibc/build/elf/dl-allobjs.os (memset)
/home/yongkyun/glibc/build/libc_pic.a(mempcpy.os)
                              /home/yongkyun/glibc/build/elf/dl-allobjs.os (__mempcpy)
/home/yongkyun/glibc/build/libc_pic.a(stpcpy.os)
                              /home/yongkyun/glibc/build/elf/dl-allobjs.os (__stpcpy)
/home/yongkyun/glibc/build/libc_pic.a(memcpy.os)
                              /home/yongkyun/glibc/build/libc_pic.a(check_fds.os) (__GI_memcpy)
/home/yongkyun/glibc/build/libc_pic.a(rawmemchr.os)
                              /home/yongkyun/glibc/build/elf/dl-allobjs.os (rawmemchr)
/home/yongkyun/glibc/build/libc_pic.a(strcmp-sse2.os)
                              /home/yongkyun/glibc/build/libc_pic.a(strcmp.os) (__strcmp_sse2)
/home/yongkyun/glibc/build/libc_pic.a(strcmp-sse2-unaligned.os)
                              /home/yongkyun/glibc/build/libc_pic.a(strcmp.os) (__strcmp_sse2_unaligned)
/home/yongkyun/glibc/build/libc_pic.a(strcmp-ssse3.os)
                              /home/yongkyun/glibc/build/libc_pic.a(strcmp.os) (__strcmp_ssse3)
/home/yongkyun/glibc/build/libc_pic.a(memchr-sse2.os)
                              /home/yongkyun/glibc/build/libc_pic.a(memchr.os) (__memchr_sse2)
/home/yongkyun/glibc/build/libc_pic.a(rawmemchr-sse2.os)
                              /home/yongkyun/glibc/build/libc_pic.a(rawmemchr.os) (__rawmemchr_sse2)
/home/yongkyun/glibc/build/libc_pic.a(memchr-avx2.os)
                              /home/yongkyun/glibc/build/libc_pic.a(memchr.os) (__memchr_avx2)
/home/yongkyun/glibc/build/libc_pic.a(rawmemchr-avx2.os)
                              /home/yongkyun/glibc/build/libc_pic.a(rawmemchr.os) (__rawmemchr_avx2)
/home/yongkyun/glibc/build/libc_pic.a(memcmp-sse2.os)
                              /home/yongkyun/glibc/build/libc_pic.a(memcmp.os) (__memcmp_sse2)
/home/yongkyun/glibc/build/libc_pic.a(memcmp-avx2-movbe.os)
                              /home/yongkyun/glibc/build/libc_pic.a(memcmp.os) (__memcmp_avx2_movbe)
/home/yongkyun/glibc/build/libc_pic.a(memcmp-sse4.os)
                              /home/yongkyun/glibc/build/libc_pic.a(memcmp.os) (__memcmp_sse4_1)
/home/yongkyun/glibc/build/libc_pic.a(memcpy-ssse3.os)
                              /home/yongkyun/glibc/build/libc_pic.a(mempcpy.os) (__mempcpy_ssse3)
/home/yongkyun/glibc/build/libc_pic.a(memmove-ssse3.os)
                              /home/yongkyun/glibc/build/libc_pic.a(memmove.os) (__memmove_ssse3)
/home/yongkyun/glibc/build/libc_pic.a(memcpy-ssse3-back.os)
                              /home/yongkyun/glibc/build/libc_pic.a(mempcpy.os) (__mempcpy_ssse3_back)
/home/yongkyun/glibc/build/libc_pic.a(memmove-ssse3-back.os)
                              /home/yongkyun/glibc/build/libc_pic.a(memmove.os) (__memmove_ssse3_back)
/home/yongkyun/glibc/build/libc_pic.a(memmove-avx512-no-vzeroupper.os)
                              /home/yongkyun/glibc/build/libc_pic.a(mempcpy.os) (__mempcpy_avx512_no_vzeroupper)
/home/yongkyun/glibc/build/libc_pic.a(strchr-sse2.os)
[...]
Memory Configuration

Name             Origin             Length             Attributes
*default*        0x0000000000000000 0xffffffffffffffff

Linker script and memory map

                0x0000000000000000                __stack_chk_fail = 0x0
                0x0000000000000000                __stack_chk_fail_local = 0x0
START GROUP
LOAD /home/yongkyun/glibc/build/elf/dl-allobjs.os
LOAD /home/yongkyun/glibc/build/libc_pic.a
LOAD /usr/lib/gcc/x86_64-linux-gnu/5/libgcc.a
END GROUP

.interp
 *(.interp)

.note.gnu.build-id
 *(.note.gnu.build-id)

.hash
 *(.hash)

.gnu.hash
 *(.gnu.hash)

.dynsym
 *(.dynsym)

.dynstr
 *(.dynstr)

.gnu.version
 *(.gnu.version)

.gnu.version_d
 *(.gnu.version_d)

.gnu.version_r
 *(.gnu.version_r)

.rela.init
 *(.rela.init)

.rela.text
 *(.rela.text)

.rela.fini
 *(.rela.fini)

.rela.rodata
 *(.rela.rodata)

.rela.data.rel.ro
 *(.rela.data.rel.ro)

.rela.data
 *(.rela.data)

.rela.tdata
 *(.rela.tdata)

.rela.tbss
 *(.rela.tbss)

.rela.ctors
 *(.rela.ctors)

.rela.dtors
 *(.rela.dtors)

.rela.got
 *(.rela.got)

.rela.bss
 *(.rela.bss)

.rela.ldata
 *(.rela.ldata)

.rela.lbss
 *(.rela.lbss)

.rela.lrodata
 *(.rela.lrodata)

.rela.ifunc
 *(.rela.ifunc)

.rela.plt
 *(.rela.plt)

.init
 *(SORT(.init))

.plt
 *(.plt)
 *(.iplt)

.plt.got
 *(.plt.got)

.plt.bnd
 *(.plt.bnd)

.text           0x0000000000000000    0x1eeb5
 *(.text .stub)
 .text          0x0000000000000000    0x19360 /home/yongkyun/glibc/build/elf/dl-allobjs.os
                0x0000000000000000                _start
                0x0000000000000008                _dl_start_user
                0x0000000000001240                handle_ld_preload
                0x0000000000006930                _dl_dst_count
                0x00000000000069e0                _dl_dst_substitute
                0x00000000000072e0                _dl_init_paths
                0x0000000000007760                _dl_map_object
                0x0000000000008160                _dl_rtld_di_serinfo
                0x00000000000090c0                _dl_lookup_symbol_x
                0x000000000000a180                _dl_setup_hash
                0x000000000000a230                _dl_add_to_namespace_list
                0x000000000000a2c0                _dl_new_object
                0x000000000000a660                _dl_try_allocate_static_tls
                0x000000000000a740                _dl_allocate_static_tls
                0x000000000000a770                _dl_nothread_init_static_tls
                0x000000000000a7b0                _dl_protect_relro
                0x000000000000a810                _dl_reloc_bad_type
                0x000000000000a8e0                _dl_relocate_object
                0x000000000000c2f0                _dl_map_object_deps
                0x000000000000d550                _dl_important_hwcaps
                0x000000000000dd10                _dl_fixup
                0x000000000000dee0                _dl_profile_fixup
                0x000000000000e4e0                _dl_call_pltexit
                0x000000000000e710                _dl_init
                0x000000000000e840                _dl_sort_fini
                0x000000000000ea80                _dl_fini
                0x000000000000ee10                _dl_debug_state
                0x000000000000ee10                __GI__dl_debug_state
                0x000000000000ee20                _dl_debug_initialize
                0x000000000000f490                _dl_sysdep_read_whole_file
                0x000000000000f520                _dl_debug_printf
                0x000000000000f5d0                _dl_debug_printf_c
                0x000000000000f680                _dl_dprintf
                0x000000000000f720                _dl_name_match_p
                0x000000000000f790                _dl_higher_prime_number
                0x000000000000f810                _dl_strtoul
                0x000000000000fd70                _dl_check_map_versions
                0x0000000000010230                _dl_check_all_versions
                0x00000000000102a0                _dl_start_profile
                0x0000000000010a80                __GI__dl_mcount
                0x0000000000010a80                _dl_mcount
                0x0000000000010ff0                _dl_next_tls_modid
                0x00000000000110f0                _dl_count_modids
                0x0000000000011150                _dl_determine_tlsoffset
                0x0000000000011320                _dl_get_tls_static_info
                0x0000000000011340                _dl_allocate_tls_storage
                0x0000000000011400                __GI__dl_allocate_tls_init
                0x0000000000011400                _dl_allocate_tls_init
                0x00000000000116a0                __GI__dl_allocate_tls
                0x00000000000116a0                _dl_allocate_tls
                0x00000000000116e0                _dl_deallocate_tls
                0x00000000000116e0                __GI__dl_deallocate_tls
                0x0000000000011760                _dl_update_slotinfo
                0x00000000000119f0                __GI___tls_get_addr
                0x00000000000119f0                ___tls_get_addr
                0x0000000000011a30                _dl_tls_get_addr_soft
                0x0000000000011ab0                _dl_add_to_slotinfo
                0x0000000000011b90                __tls_get_addr_slow
                0x0000000000011bc0                _dl_get_origin
                0x0000000000011d40                _dl_scope_free
                0x0000000000011e10                _dl_make_stack_executable
                0x0000000000011e10                __GI__dl_make_stack_executable
                0x0000000000011ea0                _dl_check_caller
                0x00000000000122d0                __GI__dl_find_dso_for_object
                0x00000000000122d0                _dl_find_dso_for_object
                0x0000000000012390                _dl_open
                0x00000000000127a0                _dl_show_scope
                0x0000000000013360                _dl_close_worker
                0x00000000000142c0                _dl_close
                0x0000000000014330                _dl_runtime_resolve_avx512
                0x00000000000144a0                _dl_runtime_profile_avx512
                0x0000000000014920                _dl_runtime_resolve_avx_slow
                0x0000000000014960                _dl_runtime_resolve_avx_opt
                0x0000000000014980                _dl_runtime_resolve_avx
                0x0000000000014ae0                _dl_runtime_profile_avx
                0x0000000000014f60                _dl_runtime_resolve_sse
                0x00000000000150a0                _dl_runtime_profile_sse
                0x00000000000152a0                _dl_runtime_resolve_avx512_opt
                0x00000000000152d0                _dl_runtime_resolve_sse_vex
                0x0000000000015420                _dl_cache_libcmp
                0x0000000000015500                _dl_load_cache_lookup
                0x0000000000015b90                _dl_unload_cache
                0x0000000000015c90                __tunable_set_val
                0x0000000000015cb0                __GI___tunables_init
                0x0000000000016190                __tunable_get_val
                0x0000000000016190                __GI___tunable_get_val
                0x0000000000016210                _dl_make_tlsdesc_dynamic
                0x00000000000164e0                _dl_tlsdesc_resolve_rela_fixup
                0x00000000000166a0                _dl_tlsdesc_resolve_hold_fixup
                0x00000000000166e0                _dl_unmap
                0x0000000000016760                _dl_tlsdesc_return
                0x0000000000016770                _dl_tlsdesc_undefweak
                0x0000000000016780                _dl_tlsdesc_dynamic
                0x0000000000016820                _dl_tlsdesc_resolve_rela
                0x0000000000016890                _dl_tlsdesc_resolve_hold
                0x0000000000016910                __tls_get_addr
                0x0000000000016950                __get_cpu_features
                0x0000000000016960                _dl_tunable_set_hwcaps
                0x00000000000176a0                _dl_sysdep_start
                0x0000000000017dc0                _dl_sysdep_start_cleanup
                0x0000000000017dd0                _dl_show_auxv
                0x0000000000017f80                _dl_discover_osversion
                0x0000000000018150                _dl_next_ld_env_entry
                0x00000000000181a0                unsetenv
                0x0000000000018210                malloc
                0x0000000000018320                calloc
                0x0000000000018360                free
                0x0000000000018390                __sigjmp_save
                0x00000000000183a0                __strerror_r
                0x0000000000018480                __GI___libc_fatal
                0x0000000000018480                __libc_fatal
                0x00000000000184b0                __GI___chk_fail
                0x00000000000184b0                __chk_fail
                0x00000000000184c0                __GI___assert_fail
                0x00000000000184c0                __assert_fail
                0x0000000000018510                realloc
                0x00000000000185a0                __GI___assert_perror_fail
                0x00000000000185a0                __assert_perror_fail
                0x0000000000018610                _itoa
                0x0000000000018660                __strsep
                0x0000000000018660                strsep
                0x0000000000018660                __strsep_g
                0x00000000000186f0                _dl_signal_error
                0x0000000000018890                _dl_signal_cerror
                0x0000000000018920                _dl_catch_error
                0x00000000000189f0                _dl_receive_error
                0x0000000000018a30                _dl_resolve_conflicts
                0x0000000000018bb0                __brk
                0x0000000000018bb0                brk
                0x0000000000018c00                sbrk
                0x0000000000018c00                __sbrk
                0x0000000000018c90                __getcwd
                0x0000000000018c90                getcwd
                0x00000000000190f0                openat64
                0x0000000000019160                __alloc_dir
                0x0000000000019260                __opendir
                0x0000000000019260                opendir
                0x0000000000019310                __fxstatat
                0x0000000000019310                __fxstatat64
                0x0000000000019310                __GI___fxstatat64
 .text          0x0000000000019360       0xf2 /home/yongkyun/glibc/build/libc_pic.a(check_fds.os)
                0x0000000000019420                __libc_check_standard_fds
 .text          0x0000000000019452        0x0 /home/yongkyun/glibc/build/libc_pic.a(errno.os)
 *fill*         0x0000000000019452        0xe 
 .text          0x0000000000019460       0x57 /home/yongkyun/glibc/build/libc_pic.a(setjmp.os)
                0x0000000000019460                __sigsetjmp
                0x0000000000019460                __GI___sigsetjmp
 *fill*         0x00000000000194b7        0x9 
 .text          0x00000000000194c0       0x50 /home/yongkyun/glibc/build/libc_pic.a(__longjmp.os)
                0x00000000000194c0                __longjmp
 .text          0x0000000000019510       0x3b /home/yongkyun/glibc/build/libc_pic.a(strchr.os)
                0x0000000000019510                __GI_strchr
                0x0000000000019510                index
                0x0000000000019510                strchr
 .text          0x000000000001954b       0x2f /home/yongkyun/glibc/build/libc_pic.a(strcmp.os)
                0x000000000001954b                __GI_strcmp
                0x000000000001954b                strcmp
 .text          0x000000000001957a       0x1e /home/yongkyun/glibc/build/libc_pic.a(strcspn.os)
                0x000000000001957a                strcspn
                0x000000000001957a                __GI_strcspn
 *fill*         0x0000000000019598        0x8 
 .text          0x00000000000195a0       0x41 /home/yongkyun/glibc/build/libc_pic.a(strdup.os)
                0x00000000000195a0                __GI___strdup
                0x00000000000195a0                __strdup
                0x00000000000195a0                strdup
 .text          0x00000000000195e1       0x2a /home/yongkyun/glibc/build/libc_pic.a(strlen.os)
                0x00000000000195e1                strlen
                0x00000000000195e1                __GI_strlen
 .text          0x000000000001960b       0x2a /home/yongkyun/glibc/build/libc_pic.a(strnlen.os)
                0x000000000001960b                __strnlen
                0x000000000001960b                strnlen
                0x000000000001960b                __GI___strnlen
                0x000000000001960b                __GI_strnlen
 .text          0x0000000000019635       0x2a /home/yongkyun/glibc/build/libc_pic.a(memchr.os)
                0x0000000000019635                __GI_memchr
                0x0000000000019635                memchr
                0x0000000000019635                __memchr
 .text          0x000000000001965f       0x5c /home/yongkyun/glibc/build/libc_pic.a(memcmp.os)
                0x000000000001965f                bcmp
                0x000000000001965f                __GI_memcmp
                0x000000000001965f                memcmp
 .text          0x00000000000196bb       0xb1 /home/yongkyun/glibc/build/libc_pic.a(memmove.os)
                0x00000000000196bb                memmove
                0x00000000000196bb                __GI_memmove
                0x00000000000196bb                __libc_memmove
 .text          0x000000000001976c       0x8d /home/yongkyun/glibc/build/libc_pic.a(memset.os)
                0x000000000001976c                __GI_memset
                0x000000000001976c                memset
 .text          0x00000000000197f9       0xb1 /home/yongkyun/glibc/build/libc_pic.a(mempcpy.os)
                0x00000000000197f9                mempcpy
                0x00000000000197f9                __GI_mempcpy
                0x00000000000197f9                __mempcpy
                0x00000000000197f9                __GI___mempcpy
 .text          0x00000000000198aa       0x2f /home/yongkyun/glibc/build/libc_pic.a(stpcpy.os)
                0x00000000000198aa                stpcpy
                0x00000000000198aa                __GI_stpcpy
                0x00000000000198aa                __stpcpy
                0x00000000000198aa                __GI___stpcpy
 .text          0x00000000000198d9       0xb1 /home/yongkyun/glibc/build/libc_pic.a(memcpy.os)
                0x00000000000198d9                __GI_memcpy
                0x00000000000198d9                __new_memcpy
                0x00000000000198d9                memcpy@@GLIBC_2.14
 .text          0x000000000001998a       0x2a /home/yongkyun/glibc/build/libc_pic.a(rawmemchr.os)
                0x000000000001998a                __GI___rawmemchr
                0x000000000001998a                __rawmemchr
                0x000000000001998a                rawmemchr
 *fill*         0x00000000000199b4        0xc 
 .text          0x00000000000199c0     0x1439 /home/yongkyun/glibc/build/libc_pic.a(strcmp-sse2.os)
                0x00000000000199c0                __strcmp_sse2
 *fill*         0x000000000001adf9        0x7 
 .text          0x000000000001ae00      0x2a3 /home/yongkyun/glibc/build/libc_pic.a(strcmp-sse2-unaligned.os)
                0x000000000001ae00                __strcmp_sse2_unaligned
 .text          0x000000000001b0a3        0x0 /home/yongkyun/glibc/build/libc_pic.a(strcmp-ssse3.os)
 *fill*         0x000000000001b0a3        0xd 
 .text          0x000000000001b0b0      0x323 /home/yongkyun/glibc/build/libc_pic.a(memchr-sse2.os)
                0x000000000001b0b0                __memchr_sse2
 *fill*         0x000000000001b3d3        0xd 
 .text          0x000000000001b3e0      0x1f9 /home/yongkyun/glibc/build/libc_pic.a(rawmemchr-sse2.os)
                0x000000000001b3e0                __rawmemchr_sse2
 .text          0x000000000001b5d9        0x0 /home/yongkyun/glibc/build/libc_pic.a(memchr-avx2.os)
 .text          0x000000000001b5d9        0x0 /home/yongkyun/glibc/build/libc_pic.a(rawmemchr-avx2.os)
 *fill*         0x000000000001b5d9        0x7 
 .text          0x000000000001b5e0      0x400 /home/yongkyun/glibc/build/libc_pic.a(memcmp-sse2.os)
                0x000000000001b5e0                __memcmp_sse2
 .text          0x000000000001b9e0        0x0 /home/yongkyun/glibc/build/libc_pic.a(memcmp-avx2-movbe.os)
 .text          0x000000000001b9e0        0x0 /home/yongkyun/glibc/build/libc_pic.a(memcmp-sse4.os)
 .text          0x000000000001b9e0        0x0 /home/yongkyun/glibc/build/libc_pic.a(memcpy-ssse3.os)
 .text          0x000000000001b9e0        0x0 /home/yongkyun/glibc/build/libc_pic.a(memmove-ssse3.os)
 .text          0x000000000001b9e0        0x0 /home/yongkyun/glibc/build/libc_pic.a(memcpy-ssse3-back.os)
 .text          0x000000000001b9e0        0x0 /home/yongkyun/glibc/build/libc_pic.a(memmove-ssse3-back.os)
 .text          0x000000000001b9e0        0x0 /home/yongkyun/glibc/build/libc_pic.a(memmove-avx512-no-vzeroupper.os)
 .text          0x000000000001b9e0      0x21a /home/yongkyun/glibc/build/libc_pic.a(strchr-sse2.os)
                0x000000000001b9e0                __strchr_sse2
 .text          0x000000000001bbfa        0x0 /home/yongkyun/glibc/build/libc_pic.a(strchr-avx2.os)
 *fill*         0x000000000001bbfa        0x6 
 .text          0x000000000001bc00      0x19c /home/yongkyun/glibc/build/libc_pic.a(strlen-sse2.os)
                0x000000000001bc00                __strlen_sse2
                0x000000000001bc00                __GI___strlen_sse2
 *fill*         0x000000000001bd9c        0x4 
 .text          0x000000000001bda0      0x218 /home/yongkyun/glibc/build/libc_pic.a(strnlen-sse2.os)
                0x000000000001bda0                __strnlen_sse2
 .text          0x000000000001bfb8        0x0 /home/yongkyun/glibc/build/libc_pic.a(strlen-avx2.os)
 .text          0x000000000001bfb8        0x0 /home/yongkyun/glibc/build/libc_pic.a(strnlen-avx2.os)
 *fill*         0x000000000001bfb8        0x8 
 .text          0x000000000001bfc0       0xdc /home/yongkyun/glibc/build/libc_pic.a(stpcpy-sse2.os)
                0x000000000001bfc0                __stpcpy_sse2
 .text          0x000000000001c09c        0x0 /home/yongkyun/glibc/build/libc_pic.a(stpcpy-ssse3.os)
 *fill*         0x000000000001c09c        0x4 
 .text          0x000000000001c0a0      0x6b0 /home/yongkyun/glibc/build/libc_pic.a(stpcpy-sse2-unaligned.os)
                0x000000000001c0a0                __stpcpy_sse2_unaligned
 .text          0x000000000001c750        0x0 /home/yongkyun/glibc/build/libc_pic.a(strchr-sse2-no-bsf.os)
 .text          0x000000000001c750        0x0 /home/yongkyun/glibc/build/libc_pic.a(memcmp-ssse3.os)
 .text          0x000000000001c750       0x97 /home/yongkyun/glibc/build/libc_pic.a(strcspn-sse2.os)
                0x000000000001c750                __strcspn_sse2
 .text          0x000000000001c7e7        0x0 /home/yongkyun/glibc/build/libc_pic.a(strcspn-c.os)
 .text          0x000000000001c7e7        0x0 /home/yongkyun/glibc/build/libc_pic.a(varshift.os)
 .text          0x000000000001c7e7        0x0 /home/yongkyun/glibc/build/libc_pic.a(memset-avx512-no-vzeroupper.os)
 *fill*         0x000000000001c7e7        0x9 
 .text          0x000000000001c7f0      0x3e9 /home/yongkyun/glibc/build/libc_pic.a(memmove-sse2-unaligned-erms.os)
                0x000000000001c7f0                __mempcpy_chk_sse2_unaligned
                0x000000000001c800                __mempcpy_sse2_unaligned
                0x000000000001c810                __memcpy_chk_sse2_unaligned
                0x000000000001c810                __memmove_chk_sse2_unaligned
                0x000000000001c820                __memmove_sse2_unaligned
                0x000000000001c820                __memcpy_sse2_unaligned
                0x000000000001c820                memcpy@GLIBC_2.2.5
                0x000000000001c850                __mempcpy_chk_erms
                0x000000000001c860                __mempcpy_erms
                0x000000000001c870                __memcpy_chk_erms
                0x000000000001c870                __memmove_chk_erms
                0x000000000001c880                __memmove_erms
                0x000000000001c880                __memcpy_erms
                0x000000000001c8b0                __mempcpy_chk_sse2_unaligned_erms
                0x000000000001c8c0                __mempcpy_sse2_unaligned_erms
                0x000000000001c8d0                __memmove_chk_sse2_unaligned_erms
                0x000000000001c8d0                __memcpy_chk_sse2_unaligned_erms
                0x000000000001c8e0                __memmove_sse2_unaligned_erms
                0x000000000001c8e0                __memcpy_sse2_unaligned_erms
 .text          0x000000000001cbd9        0x0 /home/yongkyun/glibc/build/libc_pic.a(memmove-avx-unaligned-erms.os)
 .text          0x000000000001cbd9        0x0 /home/yongkyun/glibc/build/libc_pic.a(memmove-avx512-unaligned-erms.os)
 *fill*         0x000000000001cbd9        0x7 
 .text          0x000000000001cbe0      0x193 /home/yongkyun/glibc/build/libc_pic.a(memset-sse2-unaligned-erms.os)
                0x000000000001cbe0                __bzero
                0x000000000001cbe0                bzero
                0x000000000001cbf0                __wmemset_chk_sse2_unaligned
                0x000000000001cc00                __wmemset_sse2_unaligned
                0x000000000001cc20                __memset_chk_sse2_unaligned
                0x000000000001cc30                __memset_sse2_unaligned
                0x000000000001cc60                __memset_chk_erms
                0x000000000001cc70                __memset_erms
                0x000000000001cc80                __memset_chk_sse2_unaligned_erms
                0x000000000001cc90                __memset_sse2_unaligned_erms
 .text          0x000000000001cd73        0x0 /home/yongkyun/glibc/build/libc_pic.a(memset-avx2-unaligned-erms.os)
 .text          0x000000000001cd73        0x0 /home/yongkyun/glibc/build/libc_pic.a(memset-avx512-unaligned-erms.os)
 *fill*         0x000000000001cd73        0xd 
 .text          0x000000000001cd80      0x5fd /home/yongkyun/glibc/build/libc_pic.a(cacheinfo.os)
                0x000000000001d350                __cache_sysconf
 *fill*         0x000000000001d37d        0x3 
 .text          0x000000000001d380       0x54 /home/yongkyun/glibc/build/libc_pic.a(closedir.os)
                0x000000000001d380                __closedir
                0x000000000001d380                closedir
 *fill*         0x000000000001d3d4        0xc 
 .text          0x000000000001d3e0       0xf8 /home/yongkyun/glibc/build/libc_pic.a(readdir.os)
                0x000000000001d3e0                readdir
                0x000000000001d3e0                __readdir64
                0x000000000001d3e0                __readdir
                0x000000000001d3e0                readdir64
 *fill*         0x000000000001d4d8        0x8 
 .text          0x000000000001d4e0       0x93 /home/yongkyun/glibc/build/libc_pic.a(rewinddir.os)
                0x000000000001d4e0                rewinddir
                0x000000000001d4e0                __rewinddir
                0x000000000001d4e0                __GI___rewinddir
 *fill*         0x000000000001d573        0xd 
 .text          0x000000000001d580       0x8d /home/yongkyun/glibc/build/libc_pic.a(getdents.os)
                0x000000000001d580                __getdents
                0x000000000001d580                __getdents64
 *fill*         0x000000000001d60d        0x3 
 .text          0x000000000001d610       0x9a /home/yongkyun/glibc/build/libc_pic.a(fdopendir.os)
                0x000000000001d610                fdopendir
                0x000000000001d610                __fdopendir
 *fill*         0x000000000001d6aa        0x6 
 .text          0x000000000001d6b0       0x21 /home/yongkyun/glibc/build/libc_pic.a(uname.os)
                0x000000000001d6b0                uname
                0x000000000001d6b0                __GI_uname
                0x000000000001d6b0                __uname
                0x000000000001d6b0                __GI___uname
 *fill*         0x000000000001d6d1        0xf 
 .text          0x000000000001d6e0       0x58 /home/yongkyun/glibc/build/libc_pic.a(_exit.os)
                0x000000000001d6e0                _Exit
                0x000000000001d6e0                __GI__exit
                0x000000000001d6e0                _exit
 *fill*         0x000000000001d738        0x8 
 .text          0x000000000001d740        0x8 /home/yongkyun/glibc/build/libc_pic.a(getpid.os)
                0x000000000001d740                __getpid
                0x000000000001d740                getpid
                0x000000000001d740                __GI_getpid
                0x000000000001d740                __GI___getpid
 .text          0x000000000001d748        0x0 /home/yongkyun/glibc/build/libc_pic.a(environ.os)
 *fill*         0x000000000001d748        0x8 
 .text          0x000000000001d750       0x4c /home/yongkyun/glibc/build/libc_pic.a(xstat.os)
                0x000000000001d750                _xstat
                0x000000000001d750                __xstat64
                0x000000000001d750                __GI___xstat64
                0x000000000001d750                __GI___xstat
                0x000000000001d750                __xstat
 *fill*         0x000000000001d79c        0x4 
 .text          0x000000000001d7a0       0x4c /home/yongkyun/glibc/build/libc_pic.a(fxstat.os)
                0x000000000001d7a0                __GI___fxstat
                0x000000000001d7a0                __GI___fxstat64
                0x000000000001d7a0                __fxstat64
                0x000000000001d7a0                _fxstat
                0x000000000001d7a0                __fxstat
 *fill*         0x000000000001d7ec        0x4 
 .text          0x000000000001d7f0       0x4c /home/yongkyun/glibc/build/libc_pic.a(lxstat.os)
                0x000000000001d7f0                __GI___lxstat
                0x000000000001d7f0                _lxstat
                0x000000000001d7f0                __lxstat
                0x000000000001d7f0                __lxstat64
                0x000000000001d7f0                __GI___lxstat64
 *fill*         0x000000000001d83c        0x4 
 .text          0x000000000001d840       0xf9 /home/yongkyun/glibc/build/libc_pic.a(open64.os)
                0x000000000001d840                __GI___open64
                0x000000000001d840                __open
                0x000000000001d840                __GI___open
                0x000000000001d840                __libc_open64
                0x000000000001d840                open64
                0x000000000001d840                __GI___libc_open
                0x000000000001d840                open
                0x000000000001d840                __open64
 *fill*         0x000000000001d939        0x7 
 .text          0x000000000001d940       0x95 /home/yongkyun/glibc/build/libc_pic.a(read.os)
                0x000000000001d940                __read
                0x000000000001d940                __GI_read
                0x000000000001d940                __libc_read
                0x000000000001d940                __GI___read
                0x000000000001d940                read
                0x000000000001d940                __GI___libc_read
 *fill*         0x000000000001d9d5        0xb 
 .text          0x000000000001d9e0       0x98 /home/yongkyun/glibc/build/libc_pic.a(write.os)
                0x000000000001d9e0                __write
                0x000000000001d9e0                __GI_write
                0x000000000001d9e0                write
                0x000000000001d9e0                __GI___libc_write
                0x000000000001d9e0                __GI___write
                0x000000000001d9e0                __libc_write
 *fill*         0x000000000001da78        0x8 
 .text          0x000000000001da80       0x34 /home/yongkyun/glibc/build/libc_pic.a(lseek64.os)
                0x000000000001da80                __GI___lseek
                0x000000000001da80                __lseek64
                0x000000000001da80                lseek
                0x000000000001da80                __libc_lseek64
                0x000000000001da80                llseek
                0x000000000001da80                __lseek
                0x000000000001da80                __libc_lseek
                0x000000000001da80                lseek64
 *fill*         0x000000000001dab4        0xc 
 .text          0x000000000001dac0       0x2a /home/yongkyun/glibc/build/libc_pic.a(access.os)
                0x000000000001dac0                access
                0x000000000001dac0                __access
 *fill*         0x000000000001daea        0x6 
 .text          0x000000000001daf0      0x160 /home/yongkyun/glibc/build/libc_pic.a(fcntl.os)
                0x000000000001db60                __fcntl_nocancel
                0x000000000001db90                __libc_fcntl
                0x000000000001db90                __GI___libc_fcntl
                0x000000000001db90                __GI___fcntl
                0x000000000001db90                __fcntl
                0x000000000001db90                fcntl
 .text          0x000000000001dc50       0x80 /home/yongkyun/glibc/build/libc_pic.a(close.os)
                0x000000000001dc50                __libc_close
                0x000000000001dc50                __close
                0x000000000001dc50                __GI___close
                0x000000000001dc50                close
 .text          0x000000000001dcd0       0xf9 /home/yongkyun/glibc/build/libc_pic.a(mmap64.os)
                0x000000000001dcd0                __GI___mmap
                0x000000000001dcd0                __mmap
                0x000000000001dcd0                mmap
                0x000000000001dcd0                __GI___mmap64
                0x000000000001dcd0                __mmap64
                0x000000000001dcd0                mmap64
 *fill*         0x000000000001ddc9        0x7 
 .text          0x000000000001ddd0       0x21 /home/yongkyun/glibc/build/libc_pic.a(munmap.os)
                0x000000000001ddd0                munmap
                0x000000000001ddd0                __GI___munmap
                0x000000000001ddd0                __GI_munmap
                0x000000000001ddd0                __munmap
 *fill*         0x000000000001ddf1        0xf 
 .text          0x000000000001de00       0x21 /home/yongkyun/glibc/build/libc_pic.a(mprotect.os)
                0x000000000001de00                __mprotect
                0x000000000001de00                __GI___mprotect
                0x000000000001de00                __GI_mprotect
                0x000000000001de00                mprotect
 *fill*         0x000000000001de21        0xf 
 .text          0x000000000001de30      0x1ce /home/yongkyun/glibc/build/libc_pic.a(profil.os)
                0x000000000001de80                __profil
                0x000000000001de80                profil
 *fill*         0x000000000001dffe        0x2 
 .text          0x000000000001e000        0xb /home/yongkyun/glibc/build/libc_pic.a(prof-freq.os)
                0x000000000001e000                __GI___profile_frequency
                0x000000000001e000                __profile_frequency
 *fill*         0x000000000001e00b        0x5 
 .text          0x000000000001e010       0x4c /home/yongkyun/glibc/build/libc_pic.a(libc-lowlevellock.os)
                0x000000000001e010                __lll_lock_wait_private
                0x000000000001e040                __lll_unlock_wake_private
 *fill*         0x000000000001e05c        0x4 
 .text          0x000000000001e060       0xb9 /home/yongkyun/glibc/build/libc_pic.a(libc-cancellation.os)
                0x000000000001e060                __libc_enable_asynccancel
                0x000000000001e0c0                __libc_disable_asynccancel
 .text          0x000000000001e119        0x0 /home/yongkyun/glibc/build/libc_pic.a(libc_multiple_threads.os)
 *fill*         0x000000000001e119        0x7 
 .text          0x000000000001e120       0x53 /home/yongkyun/glibc/build/libc_pic.a(dl-addr-obj.os)
                0x000000000001e120                _dl_addr_inside_object
 *fill*         0x000000000001e173        0xd 
 .text          0x000000000001e180      0x274 /home/yongkyun/glibc/build/libc_pic.a(sigaction.os)
                0x000000000001e1a0                __libc_sigaction
                0x000000000001e1a0                __GI___libc_sigaction
                0x000000000001e3d0                sigaction
                0x000000000001e3d0                __GI___sigaction
                0x000000000001e3d0                __sigaction
 *fill*         0x000000000001e3f4        0xc 
 .text          0x000000000001e400       0x21 /home/yongkyun/glibc/build/libc_pic.a(setitimer.os)
                0x000000000001e400                setitimer
                0x000000000001e400                __setitimer
                0x000000000001e400                __GI_setitimer
                0x000000000001e400                __GI___setitimer
 *fill*         0x000000000001e421        0xf 
 .text          0x000000000001e430      0x5c6 /home/yongkyun/glibc/build/libc_pic.a(forward.os)
                0x000000000001e430                pthread_equal
                0x000000000001e460                pthread_attr_destroy
                0x000000000001e490                pthread_attr_init@@GLIBC_2.2.5
                0x000000000001e490                __pthread_attr_init_2_1
                0x000000000001e4c0                pthread_attr_getdetachstate
                0x000000000001e4f0                pthread_attr_setdetachstate
                0x000000000001e520                pthread_attr_getinheritsched
                0x000000000001e550                pthread_attr_setinheritsched
                0x000000000001e580                pthread_attr_getschedparam
                0x000000000001e5b0                pthread_attr_setschedparam
                0x000000000001e5e0                pthread_attr_getschedpolicy
                0x000000000001e610                pthread_attr_setschedpolicy
                0x000000000001e640                pthread_attr_getscope
                0x000000000001e670                pthread_attr_setscope
                0x000000000001e6a0                pthread_condattr_destroy
                0x000000000001e6d0                pthread_condattr_init
                0x000000000001e700                pthread_cond_broadcast@@GLIBC_2.3.2
                0x000000000001e700                __pthread_cond_broadcast
                0x000000000001e730                pthread_cond_destroy@@GLIBC_2.3.2
                0x000000000001e730                __pthread_cond_destroy
                0x000000000001e760                pthread_cond_init@@GLIBC_2.3.2
                0x000000000001e760                __pthread_cond_init
                0x000000000001e790                pthread_cond_signal@@GLIBC_2.3.2
                0x000000000001e790                __pthread_cond_signal
                0x000000000001e7c0                pthread_cond_wait@@GLIBC_2.3.2
                0x000000000001e7c0                __pthread_cond_wait
                0x000000000001e7f0                pthread_cond_timedwait@@GLIBC_2.3.2
                0x000000000001e7f0                __pthread_cond_timedwait
                0x000000000001e820                pthread_exit
                0x000000000001e820                __pthread_exit
                0x000000000001e850                pthread_getschedparam
                0x000000000001e880                pthread_setschedparam
                0x000000000001e8b0                pthread_mutex_destroy
                0x000000000001e8e0                pthread_mutex_init
                0x000000000001e910                pthread_mutex_lock
                0x000000000001e940                pthread_mutex_unlock
                0x000000000001e970                pthread_self
                0x000000000001e9a0                __pthread_setcancelstate
                0x000000000001e9a0                pthread_setcancelstate
                0x000000000001e9d0                pthread_setcanceltype
 *fill*         0x000000000001e9f6        0xa 
 .text          0x000000000001ea00      0x14a /home/yongkyun/glibc/build/libc_pic.a(exit.os)
                0x000000000001ea00                __run_exit_handlers
                0x000000000001eb30                __GI_exit
                0x000000000001eb30                exit
 *fill*         0x000000000001eb4a        0x6 
 .text          0x000000000001eb50      0x22f /home/yongkyun/glibc/build/libc_pic.a(cxa_atexit.os)
                0x000000000001eb50                __new_exitfn
                0x000000000001ece0                __internal_atexit
                0x000000000001ed30                __cxa_atexit
                0x000000000001ed30                __GI___cxa_atexit
 *fill*         0x000000000001ed7f        0x1 
 .text          0x000000000001ed80      0x135 /home/yongkyun/glibc/build/libc_pic.a(cxa_thread_atexit_impl.os)
                0x000000000001ed80                __cxa_thread_atexit_impl
                0x000000000001ee50                __GI___call_tls_dtors
                0x000000000001ee50                __call_tls_dtors
 *(.gnu.warning)

.text.unlikely  0x0000000000000000      0x169
 .text.unlikely
                0x0000000000000000      0x169 /home/yongkyun/glibc/build/elf/dl-allobjs.os
 .text.unlikely
                0x0000000000000169        0x0 /home/yongkyun/glibc/build/libc_pic.a(check_fds.os)
 .text.unlikely
                0x0000000000000169        0x0 /home/yongkyun/glibc/build/libc_pic.a(strchr.os)
 .text.unlikely
                0x0000000000000169        0x0 /home/yongkyun/glibc/build/libc_pic.a(strcmp.os)
 .text.unlikely
                0x0000000000000169        0x0 /home/yongkyun/glibc/build/libc_pic.a(strcspn.os)
 .text.unlikely
                0x0000000000000169        0x0 /home/yongkyun/glibc/build/libc_pic.a(strdup.os)
 .text.unlikely
                0x0000000000000169        0x0 /home/yongkyun/glibc/build/libc_pic.a(strlen.os)
 .text.unlikely
                0x0000000000000169        0x0 /home/yongkyun/glibc/build/libc_pic.a(strnlen.os)
 .text.unlikely
                0x0000000000000169        0x0 /home/yongkyun/glibc/build/libc_pic.a(memchr.os)
 .text.unlikely
                0x0000000000000169        0x0 /home/yongkyun/glibc/build/libc_pic.a(memcmp.os)
 .text.unlikely
                0x0000000000000169        0x0 /home/yongkyun/glibc/build/libc_pic.a(memmove.os)
 .text.unlikely
                0x0000000000000169        0x0 /home/yongkyun/glibc/build/libc_pic.a(memset.os)
 .text.unlikely
                0x0000000000000169        0x0 /home/yongkyun/glibc/build/libc_pic.a(mempcpy.os)
 .text.unlikely
                0x0000000000000169        0x0 /home/yongkyun/glibc/build/libc_pic.a(stpcpy.os)
 .text.unlikely
                0x0000000000000169        0x0 /home/yongkyun/glibc/build/libc_pic.a(memcpy.os)
 .text.unlikely
                0x0000000000000169        0x0 /home/yongkyun/glibc/build/libc_pic.a(rawmemchr.os)
 .text.unlikely
                0x0000000000000169        0x0 /home/yongkyun/glibc/build/libc_pic.a(cacheinfo.os)
 .text.unlikely
                0x0000000000000169        0x0 /home/yongkyun/glibc/build/libc_pic.a(closedir.os)
 .text.unlikely
                0x0000000000000169        0x0 /home/yongkyun/glibc/build/libc_pic.a(readdir.os)
 .text.unlikely
                0x0000000000000169        0x0 /home/yongkyun/glibc/build/libc_pic.a(rewinddir.os)
 .text.unlikely
                0x0000000000000169        0x0 /home/yongkyun/glibc/build/libc_pic.a(getdents.os)
 .text.unlikely
                0x0000000000000169        0x0 /home/yongkyun/glibc/build/libc_pic.a(fdopendir.os)
 .text.unlikely
                0x0000000000000169        0x0 /home/yongkyun/glibc/build/libc_pic.a(_exit.os)
 .text.unlikely
                0x0000000000000169        0x0 /home/yongkyun/glibc/build/libc_pic.a(xstat.os)
 .text.unlikely
                0x0000000000000169        0x0 /home/yongkyun/glibc/build/libc_pic.a(fxstat.os)
 .text.unlikely
                0x0000000000000169        0x0 /home/yongkyun/glibc/build/libc_pic.a(lxstat.os)
 .text.unlikely
                0x0000000000000169        0x0 /home/yongkyun/glibc/build/libc_pic.a(open64.os)
 .text.unlikely
                0x0000000000000169        0x0 /home/yongkyun/glibc/build/libc_pic.a(read.os)
 .text.unlikely
                0x0000000000000169        0x0 /home/yongkyun/glibc/build/libc_pic.a(write.os)
 .text.unlikely
                0x0000000000000169        0x0 /home/yongkyun/glibc/build/libc_pic.a(lseek64.os)
 .text.unlikely
                0x0000000000000169        0x0 /home/yongkyun/glibc/build/libc_pic.a(access.os)
 .text.unlikely
                0x0000000000000169        0x0 /home/yongkyun/glibc/build/libc_pic.a(fcntl.os)
 .text.unlikely
                0x0000000000000169        0x0 /home/yongkyun/glibc/build/libc_pic.a(close.os)
 .text.unlikely
                0x0000000000000169        0x0 /home/yongkyun/glibc/build/libc_pic.a(mmap64.os)
 .text.unlikely
                0x0000000000000169        0x0 /home/yongkyun/glibc/build/libc_pic.a(profil.os)
 .text.unlikely
                0x0000000000000169        0x0 /home/yongkyun/glibc/build/libc_pic.a(prof-freq.os)
 .text.unlikely
                0x0000000000000169        0x0 /home/yongkyun/glibc/build/libc_pic.a(dl-addr-obj.os)
 .text.unlikely
                0x0000000000000169        0x0 /home/yongkyun/glibc/build/libc_pic.a(sigaction.os)
 .text.unlikely
                0x0000000000000169        0x0 /home/yongkyun/glibc/build/libc_pic.a(forward.os)
 .text.unlikely
                0x0000000000000169        0x0 /home/yongkyun/glibc/build/libc_pic.a(exit.os)
 .text.unlikely
                0x0000000000000169        0x0 /home/yongkyun/glibc/build/libc_pic.a(cxa_atexit.os)
 .text.unlikely
                0x0000000000000169        0x0 /home/yongkyun/glibc/build/libc_pic.a(cxa_thread_atexit_impl.os)

.text.ssse3     0x0000000000000000     0xd5e3
 .text.ssse3    0x0000000000000000     0x1259 /home/yongkyun/glibc/build/libc_pic.a(strcmp-ssse3.os)
                0x0000000000000000                __GI___strcmp_ssse3
                0x0000000000000000                __strcmp_ssse3
 *fill*         0x0000000000001259        0x7 
 .text.ssse3    0x0000000000001260     0x29e6 /home/yongkyun/glibc/build/libc_pic.a(memcpy-ssse3.os)
                0x0000000000001260                __mempcpy_chk_ssse3
                0x0000000000001270                __mempcpy_ssse3
                0x0000000000001280                __memcpy_chk_ssse3
                0x0000000000001290                __memcpy_ssse3
 *fill*         0x0000000000003c46        0xa 
 .text.ssse3    0x0000000000003c50     0x2b77 /home/yongkyun/glibc/build/libc_pic.a(memmove-ssse3.os)
                0x0000000000003c50                __memmove_chk_ssse3
                0x0000000000003c60                __memmove_ssse3
 *fill*         0x00000000000067c7        0x9 
 .text.ssse3    0x00000000000067d0     0x2ae6 /home/yongkyun/glibc/build/libc_pic.a(memcpy-ssse3-back.os)
                0x00000000000067d0                __mempcpy_chk_ssse3_back
                0x00000000000067e0                __mempcpy_ssse3_back
                0x00000000000067f0                __memcpy_chk_ssse3_back
                0x0000000000006800                __memcpy_ssse3_back
 *fill*         0x00000000000092b6        0xa 
 .text.ssse3    0x00000000000092c0     0x2b16 /home/yongkyun/glibc/build/libc_pic.a(memmove-ssse3-back.os)
                0x00000000000092c0                __memmove_chk_ssse3_back
                0x00000000000092d0                __memmove_ssse3_back
 *fill*         0x000000000000bdd6        0xa 
 .text.ssse3    0x000000000000bde0     0x1803 /home/yongkyun/glibc/build/libc_pic.a(stpcpy-ssse3.os)
                0x000000000000bde0                __stpcpy_ssse3

.text.avx       0x0000000000000000     0x14eb
 .text.avx      0x0000000000000000      0x2cd /home/yongkyun/glibc/build/libc_pic.a(memchr-avx2.os)
                0x0000000000000000                __memchr_avx2
 *fill*         0x00000000000002cd        0x3 
 .text.avx      0x00000000000002d0      0x13d /home/yongkyun/glibc/build/libc_pic.a(rawmemchr-avx2.os)
                0x00000000000002d0                __rawmemchr_avx2
 *fill*         0x000000000000040d        0x3 
 .text.avx      0x0000000000000410      0x3d4 /home/yongkyun/glibc/build/libc_pic.a(memcmp-avx2-movbe.os)
                0x0000000000000410                __memcmp_avx2_movbe
 *fill*         0x00000000000007e4        0xc 
 .text.avx      0x00000000000007f0      0x224 /home/yongkyun/glibc/build/libc_pic.a(strchr-avx2.os)
                0x00000000000007f0                __strchr_avx2
 *fill*         0x0000000000000a14        0xc 
 .text.avx      0x0000000000000a20      0x190 /home/yongkyun/glibc/build/libc_pic.a(strlen-avx2.os)
                0x0000000000000a20                __strlen_avx2
 .text.avx      0x0000000000000bb0      0x320 /home/yongkyun/glibc/build/libc_pic.a(strnlen-avx2.os)
                0x0000000000000bb0                __strnlen_avx2
 .text.avx      0x0000000000000ed0      0x464 /home/yongkyun/glibc/build/libc_pic.a(memmove-avx-unaligned-erms.os)
                0x0000000000000ed0                __mempcpy_chk_avx_unaligned
                0x0000000000000ee0                __mempcpy_avx_unaligned
                0x0000000000000ef0                __memcpy_chk_avx_unaligned
                0x0000000000000ef0                __memmove_chk_avx_unaligned
                0x0000000000000f00                __memcpy_avx_unaligned
                0x0000000000000f00                __memmove_avx_unaligned
                0x0000000000000f30                __mempcpy_chk_avx_unaligned_erms
                0x0000000000000f40                __mempcpy_avx_unaligned_erms
                0x0000000000000f50                __memmove_chk_avx_unaligned_erms
                0x0000000000000f50                __memcpy_chk_avx_unaligned_erms
                0x0000000000000f60                __memcpy_avx_unaligned_erms
                0x0000000000000f60                __memmove_avx_unaligned_erms
 *fill*         0x0000000000001334        0xc 
 .text.avx      0x0000000000001340      0x1ab /home/yongkyun/glibc/build/libc_pic.a(memset-avx2-unaligned-erms.os)
                0x0000000000001340                __wmemset_chk_avx2_unaligned
                0x0000000000001350                __wmemset_avx2_unaligned
                0x0000000000001370                __memset_chk_avx2_unaligned
                0x0000000000001380                __memset_avx2_unaligned
                0x00000000000013b0                __memset_avx2_erms
                0x00000000000013d0                __memset_chk_avx2_unaligned_erms
                0x00000000000013e0                __memset_avx2_unaligned_erms

.text.sse4.1    0x0000000000000000     0x163e
 .text.sse4.1   0x0000000000000000     0x163e /home/yongkyun/glibc/build/libc_pic.a(memcmp-sse4.os)
                0x0000000000000000                __memcmp_sse4_1

.text.avx512    0x0000000000000000     0x1191
 .text.avx512   0x0000000000000000      0x768 /home/yongkyun/glibc/build/libc_pic.a(memmove-avx512-no-vzeroupper.os)
                0x0000000000000000                __mempcpy_chk_avx512_no_vzeroupper
                0x0000000000000010                __mempcpy_avx512_no_vzeroupper
                0x0000000000000020                __memcpy_chk_avx512_no_vzeroupper
                0x0000000000000020                __memmove_chk_avx512_no_vzeroupper
                0x0000000000000030                __memcpy_avx512_no_vzeroupper
                0x0000000000000030                __memmove_avx512_no_vzeroupper
 *fill*         0x0000000000000768        0x8 
 .text.avx512   0x0000000000000770      0x280 /home/yongkyun/glibc/build/libc_pic.a(memset-avx512-no-vzeroupper.os)
                0x0000000000000770                __memset_chk_avx512_no_vzeroupper
                0x0000000000000780                __memset_avx512_no_vzeroupper
 .text.avx512   0x00000000000009f0      0x598 /home/yongkyun/glibc/build/libc_pic.a(memmove-avx512-unaligned-erms.os)
                0x00000000000009f0                __mempcpy_chk_avx512_unaligned
                0x0000000000000a00                __mempcpy_avx512_unaligned
                0x0000000000000a10                __memcpy_chk_avx512_unaligned
                0x0000000000000a10                __memmove_chk_avx512_unaligned
                0x0000000000000a20                __memmove_avx512_unaligned
                0x0000000000000a20                __memcpy_avx512_unaligned
                0x0000000000000a60                __mempcpy_chk_avx512_unaligned_erms
                0x0000000000000a70                __mempcpy_avx512_unaligned_erms
                0x0000000000000a80                __memcpy_chk_avx512_unaligned_erms
                0x0000000000000a80                __memmove_chk_avx512_unaligned_erms
                0x0000000000000a90                __memmove_avx512_unaligned_erms
                0x0000000000000a90                __memcpy_avx512_unaligned_erms
 *fill*         0x0000000000000f88        0x8 
 .text.avx512   0x0000000000000f90      0x201 /home/yongkyun/glibc/build/libc_pic.a(memset-avx512-unaligned-erms.os)
                0x0000000000000f90                __wmemset_chk_avx512_unaligned
                0x0000000000000fa0                __wmemset_avx512_unaligned
                0x0000000000000fc0                __memset_chk_avx512_unaligned
                0x0000000000000fd0                __memset_avx512_unaligned
                0x0000000000001010                __memset_avx512_erms
                0x0000000000001030                __memset_chk_avx512_unaligned_erms
                0x0000000000001040                __memset_avx512_unaligned_erms

.text.atom      0x0000000000000000     0x1a83
 .text.atom     0x0000000000000000      0x315 /home/yongkyun/glibc/build/libc_pic.a(strchr-sse2-no-bsf.os)
                0x0000000000000000                __strchr_sse2_no_bsf
 *fill*         0x0000000000000315        0xb 
 .text.atom     0x0000000000000320     0x1763 /home/yongkyun/glibc/build/libc_pic.a(memcmp-ssse3.os)
                0x0000000000000320                __memcmp_ssse3

.text.sse4.2    0x0000000000000000      0x13f
 .text.sse4.2   0x0000000000000000      0x13f /home/yongkyun/glibc/build/libc_pic.a(strcspn-c.os)
                0x0000000000000000                __strcspn_sse42

.text.startup   0x0000000000000000      0x49f
 .text.startup  0x0000000000000000      0x49f /home/yongkyun/glibc/build/libc_pic.a(cacheinfo.os)

.text.compat    0x0000000000000000      0x160
 .text.compat   0x0000000000000000      0x160 /home/yongkyun/glibc/build/libc_pic.a(forward.os)
                0x0000000000000000                pthread_cond_broadcast@GLIBC_2.2.5
                0x0000000000000000                __pthread_cond_broadcast_2_0
                0x0000000000000030                __pthread_cond_destroy_2_0
                0x0000000000000030                pthread_cond_destroy@GLIBC_2.2.5
                0x0000000000000060                __pthread_cond_init_2_0
                0x0000000000000060                pthread_cond_init@GLIBC_2.2.5
                0x0000000000000090                __pthread_cond_signal_2_0
                0x0000000000000090                pthread_cond_signal@GLIBC_2.2.5
                0x00000000000000c0                pthread_cond_wait@GLIBC_2.2.5
                0x00000000000000c0                __pthread_cond_wait_2_0
                0x00000000000000f0                pthread_cond_timedwait@GLIBC_2.2.5
                0x00000000000000f0                __pthread_cond_timedwait_2_0
                0x0000000000000120                __pthread_unwind

.fini
 *(SORT(.fini))

.rodata         0x0000000000000000     0x1180
 *(.rodata)
 .rodata        0x0000000000000000      0xd68 /home/yongkyun/glibc/build/elf/dl-allobjs.os
                0x0000000000000cc0                __GI__itoa_lower_digits
                0x0000000000000cc0                _itoa_lower_digits
 .rodata        0x0000000000000d68       0x40 /home/yongkyun/glibc/build/libc_pic.a(strcmp-sse2.os)
 .rodata        0x0000000000000da8       0x40 /home/yongkyun/glibc/build/libc_pic.a(strcmp-ssse3.os)
 .rodata        0x0000000000000de8       0x80 /home/yongkyun/glibc/build/libc_pic.a(stpcpy-sse2-unaligned.os)
 *fill*         0x0000000000000e68        0x8 
 .rodata        0x0000000000000e70       0x1f /home/yongkyun/glibc/build/libc_pic.a(varshift.os)
                0x0000000000000e70                ___m128i_shift_right
 *fill*         0x0000000000000e8f       0x11 
 .rodata        0x0000000000000ea0      0x2e0 /home/yongkyun/glibc/build/libc_pic.a(cacheinfo.os)

.rodata.str1.1  0x0000000000000000     0x132f
 .rodata.str1.1
                0x0000000000000000     0x12cb /home/yongkyun/glibc/build/elf/dl-allobjs.os
 .rodata.str1.1
                0x00000000000012cb       0x14 /home/yongkyun/glibc/build/libc_pic.a(check_fds.os)
 .rodata.str1.1
                0x00000000000012df       0x39 /home/yongkyun/glibc/build/libc_pic.a(cacheinfo.os)
 .rodata.str1.1
                0x0000000000001318       0x17 /home/yongkyun/glibc/build/libc_pic.a(cxa_atexit.os)

.rodata.str1.8  0x0000000000000000     0x2325
 .rodata.str1.8
                0x0000000000000000     0x2301 /home/yongkyun/glibc/build/elf/dl-allobjs.os
 *fill*         0x0000000000002301        0x7 
 .rodata.str1.8
                0x0000000000002308        0xb /home/yongkyun/glibc/build/libc_pic.a(cacheinfo.os)
 *fill*         0x0000000000002313        0x5 
 .rodata.str1.8
                0x0000000000002318        0xd /home/yongkyun/glibc/build/libc_pic.a(cxa_atexit.os)

.rodata.str1.16
                0x0000000000000000      0x371
 .rodata.str1.16
                0x0000000000000000      0x356 /home/yongkyun/glibc/build/elf/dl-allobjs.os
 *fill*         0x0000000000000356        0xa 
 .rodata.str1.16
                0x0000000000000360       0x11 /home/yongkyun/glibc/build/libc_pic.a(cacheinfo.os)

.rodata.cst16   0x0000000000000000       0x20
 .rodata.cst16  0x0000000000000000       0x20 /home/yongkyun/glibc/build/elf/dl-allobjs.os

.rodata.cst4    0x0000000000000000        0x4
 .rodata.cst4   0x0000000000000000        0x4 /home/yongkyun/glibc/build/elf/dl-allobjs.os

.rodata.str1.32
                0x0000000000000000       0x3b
 .rodata.str1.32
                0x0000000000000000       0x3b /home/yongkyun/glibc/build/elf/dl-allobjs.os

.rodata.sse4.1  0x0000000000000000      0x140
 .rodata.sse4.1
                0x0000000000000000      0x140 /home/yongkyun/glibc/build/libc_pic.a(memcmp-sse4.os)

.rodata.ssse3   0x0000000000000000      0xd80
 .rodata.ssse3  0x0000000000000000      0x1c0 /home/yongkyun/glibc/build/libc_pic.a(memcpy-ssse3.os)
 .rodata.ssse3  0x00000000000001c0      0x1c0 /home/yongkyun/glibc/build/libc_pic.a(memmove-ssse3.os)
 .rodata.ssse3  0x0000000000000380      0x500 /home/yongkyun/glibc/build/libc_pic.a(memcpy-ssse3-back.os)
 .rodata.ssse3  0x0000000000000880      0x500 /home/yongkyun/glibc/build/libc_pic.a(memmove-ssse3-back.os)

.rodata1
 *(.rodata1)

.eh_frame_hdr
 *(.eh_frame_hdr)

.eh_frame       0x0000000000000000     0x42e8
 *(.eh_frame)
 .eh_frame      0x0000000000000000     0x2418 /home/yongkyun/glibc/build/elf/dl-allobjs.os
 .eh_frame      0x0000000000002418       0x68 /home/yongkyun/glibc/build/libc_pic.a(check_fds.os)
 .eh_frame      0x0000000000002480       0x30 /home/yongkyun/glibc/build/libc_pic.a(setjmp.os)
 .eh_frame      0x00000000000024b0       0x48 /home/yongkyun/glibc/build/libc_pic.a(__longjmp.os)
 .eh_frame      0x00000000000024f8       0x30 /home/yongkyun/glibc/build/libc_pic.a(strchr.os)
 .eh_frame      0x0000000000002528       0x30 /home/yongkyun/glibc/build/libc_pic.a(strcmp.os)
 .eh_frame      0x0000000000002558       0x30 /home/yongkyun/glibc/build/libc_pic.a(strcspn.os)
 .eh_frame      0x0000000000002588       0x50 /home/yongkyun/glibc/build/libc_pic.a(strdup.os)
 .eh_frame      0x00000000000025d8       0x30 /home/yongkyun/glibc/build/libc_pic.a(strlen.os)
 .eh_frame      0x0000000000002608       0x30 /home/yongkyun/glibc/build/libc_pic.a(strnlen.os)
 .eh_frame      0x0000000000002638       0x30 /home/yongkyun/glibc/build/libc_pic.a(memchr.os)
 .eh_frame      0x0000000000002668       0x30 /home/yongkyun/glibc/build/libc_pic.a(memcmp.os)
 .eh_frame      0x0000000000002698       0x30 /home/yongkyun/glibc/build/libc_pic.a(memmove.os)
 .eh_frame      0x00000000000026c8       0x30 /home/yongkyun/glibc/build/libc_pic.a(memset.os)
 .eh_frame      0x00000000000026f8       0x30 /home/yongkyun/glibc/build/libc_pic.a(mempcpy.os)
 .eh_frame      0x0000000000002728       0x30 /home/yongkyun/glibc/build/libc_pic.a(stpcpy.os)
 .eh_frame      0x0000000000002758       0x30 /home/yongkyun/glibc/build/libc_pic.a(memcpy.os)
 .eh_frame      0x0000000000002788       0x30 /home/yongkyun/glibc/build/libc_pic.a(rawmemchr.os)
 .eh_frame      0x00000000000027b8       0x30 /home/yongkyun/glibc/build/libc_pic.a(strcmp-sse2.os)
 .eh_frame      0x00000000000027e8       0x30 /home/yongkyun/glibc/build/libc_pic.a(strcmp-sse2-unaligned.os)
 .eh_frame      0x0000000000002818       0x30 /home/yongkyun/glibc/build/libc_pic.a(strcmp-ssse3.os)
 .eh_frame      0x0000000000002848       0x30 /home/yongkyun/glibc/build/libc_pic.a(memchr-sse2.os)
 .eh_frame      0x0000000000002878       0x30 /home/yongkyun/glibc/build/libc_pic.a(rawmemchr-sse2.os)
 .eh_frame      0x00000000000028a8       0x30 /home/yongkyun/glibc/build/libc_pic.a(memchr-avx2.os)
 .eh_frame      0x00000000000028d8       0x30 /home/yongkyun/glibc/build/libc_pic.a(rawmemchr-avx2.os)
 .eh_frame      0x0000000000002908       0x30 /home/yongkyun/glibc/build/libc_pic.a(memcmp-sse2.os)
 .eh_frame      0x0000000000002938       0x30 /home/yongkyun/glibc/build/libc_pic.a(memcmp-avx2-movbe.os)
 .eh_frame      0x0000000000002968       0x30 /home/yongkyun/glibc/build/libc_pic.a(memcmp-sse4.os)
 .eh_frame      0x0000000000002998       0x78 /home/yongkyun/glibc/build/libc_pic.a(memcpy-ssse3.os)
                                         0x68 (size before relaxing)
 .eh_frame      0x0000000000002a10       0x48 /home/yongkyun/glibc/build/libc_pic.a(memmove-ssse3.os)
                                         0x40 (size before relaxing)
 .eh_frame      0x0000000000002a58       0x78 /home/yongkyun/glibc/build/libc_pic.a(memcpy-ssse3-back.os)
                                         0x68 (size before relaxing)
 .eh_frame      0x0000000000002ad0       0x48 /home/yongkyun/glibc/build/libc_pic.a(memmove-ssse3-back.os)
                                         0x40 (size before relaxing)
 .eh_frame      0x0000000000002b18       0x78 /home/yongkyun/glibc/build/libc_pic.a(memmove-avx512-no-vzeroupper.os)
                                         0x68 (size before relaxing)
 .eh_frame      0x0000000000002b90       0x30 /home/yongkyun/glibc/build/libc_pic.a(strchr-sse2.os)
 .eh_frame      0x0000000000002bc0       0x30 /home/yongkyun/glibc/build/libc_pic.a(strchr-avx2.os)
 .eh_frame      0x0000000000002bf0       0x30 /home/yongkyun/glibc/build/libc_pic.a(strlen-sse2.os)
 .eh_frame      0x0000000000002c20       0x30 /home/yongkyun/glibc/build/libc_pic.a(strnlen-sse2.os)
 .eh_frame      0x0000000000002c50       0x30 /home/yongkyun/glibc/build/libc_pic.a(strlen-avx2.os)
 .eh_frame      0x0000000000002c80       0x30 /home/yongkyun/glibc/build/libc_pic.a(strnlen-avx2.os)
 .eh_frame      0x0000000000002cb0       0x30 /home/yongkyun/glibc/build/libc_pic.a(stpcpy-sse2.os)
 .eh_frame      0x0000000000002ce0       0x30 /home/yongkyun/glibc/build/libc_pic.a(stpcpy-ssse3.os)
 .eh_frame      0x0000000000002d10       0x30 /home/yongkyun/glibc/build/libc_pic.a(stpcpy-sse2-unaligned.os)
 .eh_frame      0x0000000000002d40       0x30 /home/yongkyun/glibc/build/libc_pic.a(strchr-sse2-no-bsf.os)
 .eh_frame      0x0000000000002d70       0x30 /home/yongkyun/glibc/build/libc_pic.a(memcmp-ssse3.os)
 .eh_frame      0x0000000000002da0       0x38 /home/yongkyun/glibc/build/libc_pic.a(strcspn-sse2.os)
 .eh_frame      0x0000000000002dd8       0x30 /home/yongkyun/glibc/build/libc_pic.a(strcspn-c.os)
 .eh_frame      0x0000000000002e08       0x48 /home/yongkyun/glibc/build/libc_pic.a(memset-avx512-no-vzeroupper.os)
                                         0x40 (size before relaxing)
 .eh_frame      0x0000000000002e50      0x138 /home/yongkyun/glibc/build/libc_pic.a(memmove-sse2-unaligned-erms.os)
                                        0x108 (size before relaxing)
 .eh_frame      0x0000000000002f88       0xd8 /home/yongkyun/glibc/build/libc_pic.a(memmove-avx-unaligned-erms.os)
                                         0xb8 (size before relaxing)
 .eh_frame      0x0000000000003060       0xd8 /home/yongkyun/glibc/build/libc_pic.a(memmove-avx512-unaligned-erms.os)
                                         0xb8 (size before relaxing)
 .eh_frame      0x0000000000003138       0xf0 /home/yongkyun/glibc/build/libc_pic.a(memset-sse2-unaligned-erms.os)
                                         0xd0 (size before relaxing)
 .eh_frame      0x0000000000003228       0xc0 /home/yongkyun/glibc/build/libc_pic.a(memset-avx2-unaligned-erms.os)
                                         0xa8 (size before relaxing)
 .eh_frame      0x00000000000032e8       0xc0 /home/yongkyun/glibc/build/libc_pic.a(memset-avx512-unaligned-erms.os)
                                         0xa8 (size before relaxing)
 .eh_frame      0x00000000000033a8      0x1c8 /home/yongkyun/glibc/build/libc_pic.a(cacheinfo.os)
                                        0x1c0 (size before relaxing)
 .eh_frame      0x0000000000003570       0x40 /home/yongkyun/glibc/build/libc_pic.a(closedir.os)
 .eh_frame      0x00000000000035b0       0x68 /home/yongkyun/glibc/build/libc_pic.a(readdir.os)
 .eh_frame      0x0000000000003618       0x40 /home/yongkyun/glibc/build/libc_pic.a(rewinddir.os)
 .eh_frame      0x0000000000003658       0x68 /home/yongkyun/glibc/build/libc_pic.a(getdents.os)
 .eh_frame      0x00000000000036c0       0x50 /home/yongkyun/glibc/build/libc_pic.a(fdopendir.os)
 .eh_frame      0x0000000000003710       0x30 /home/yongkyun/glibc/build/libc_pic.a(uname.os)
 .eh_frame      0x0000000000003740       0x30 /home/yongkyun/glibc/build/libc_pic.a(_exit.os)
 .eh_frame      0x0000000000003770       0x30 /home/yongkyun/glibc/build/libc_pic.a(getpid.os)
 .eh_frame      0x00000000000037a0       0x30 /home/yongkyun/glibc/build/libc_pic.a(xstat.os)
 .eh_frame      0x00000000000037d0       0x30 /home/yongkyun/glibc/build/libc_pic.a(fxstat.os)
 .eh_frame      0x0000000000003800       0x30 /home/yongkyun/glibc/build/libc_pic.a(lxstat.os)
 .eh_frame      0x0000000000003830       0x58 /home/yongkyun/glibc/build/libc_pic.a(open64.os)
 .eh_frame      0x0000000000003888       0x50 /home/yongkyun/glibc/build/libc_pic.a(read.os)
 .eh_frame      0x00000000000038d8       0x50 /home/yongkyun/glibc/build/libc_pic.a(write.os)
 .eh_frame      0x0000000000003928       0x30 /home/yongkyun/glibc/build/libc_pic.a(lseek64.os)
 .eh_frame      0x0000000000003958       0x30 /home/yongkyun/glibc/build/libc_pic.a(access.os)
 .eh_frame      0x0000000000003988       0x68 /home/yongkyun/glibc/build/libc_pic.a(fcntl.os)
                                         0x60 (size before relaxing)
 .eh_frame      0x00000000000039f0       0x40 /home/yongkyun/glibc/build/libc_pic.a(close.os)
 .eh_frame      0x0000000000003a30       0x70 /home/yongkyun/glibc/build/libc_pic.a(mmap64.os)
 .eh_frame      0x0000000000003aa0       0x30 /home/yongkyun/glibc/build/libc_pic.a(munmap.os)
 .eh_frame      0x0000000000003ad0       0x30 /home/yongkyun/glibc/build/libc_pic.a(mprotect.os)
 .eh_frame      0x0000000000003b00       0x80 /home/yongkyun/glibc/build/libc_pic.a(profil.os)
 .eh_frame      0x0000000000003b80       0x30 /home/yongkyun/glibc/build/libc_pic.a(prof-freq.os)
 .eh_frame      0x0000000000003bb0       0x68 /home/yongkyun/glibc/build/libc_pic.a(libc-lowlevellock.os)
                                         0x60 (size before relaxing)
 .eh_frame      0x0000000000003c18       0x48 /home/yongkyun/glibc/build/libc_pic.a(libc-cancellation.os)
                                         0x40 (size before relaxing)
 .eh_frame      0x0000000000003c60       0x30 /home/yongkyun/glibc/build/libc_pic.a(dl-addr-obj.os)
 .eh_frame      0x0000000000003c90       0xf0 /home/yongkyun/glibc/build/libc_pic.a(sigaction.os)
                                         0xe8 (size before relaxing)
 .eh_frame      0x0000000000003d80       0x30 /home/yongkyun/glibc/build/libc_pic.a(setitimer.os)
 .eh_frame      0x0000000000003db0      0x3a8 /home/yongkyun/glibc/build/libc_pic.a(forward.os)
                                        0x310 (size before relaxing)
 .eh_frame      0x0000000000004158       0x58 /home/yongkyun/glibc/build/libc_pic.a(exit.os)
 .eh_frame      0x00000000000041b0       0xb8 /home/yongkyun/glibc/build/libc_pic.a(cxa_atexit.os)
                                         0xb0 (size before relaxing)
 .eh_frame      0x0000000000004268       0x80 /home/yongkyun/glibc/build/libc_pic.a(cxa_thread_atexit_impl.os)

.gcc_except_table
 *(.gcc_except_table .gcc_except_table.*)

.gnu_extab
 *(.gnu_extab*)

.exception_ranges
 *(.exception_ranges .exception_ranges*)

.eh_frame
 *(.eh_frame)

.gnu_extab
 *(.gnu_extab)

.gcc_except_table
 *(.gcc_except_table .gcc_except_table.*)

.exception_ranges
 *(.exception_ranges .exception_ranges*)

.tdata
 *(.tdata)

.tbss           0x0000000000000000       0x18
 *(.tbss)
 .tbss          0x0000000000000000        0x4 /home/yongkyun/glibc/build/libc_pic.a(errno.os)
                0x0000000000000000                errno
                0x0000000000000000                __libc_errno
 *fill*         0x0000000000000004        0x4 
 .tbss          0x0000000000000008       0x10 /home/yongkyun/glibc/build/libc_pic.a(cxa_thread_atexit_impl.os)

.preinit_array
 *(.preinit_array)

.jcr
 *(.jcr)

.dynamic
 *(.dynamic)

.got
 *(.got)
 *(.igot)

.got.plt
 *(.got.plt)
 *(.igot.plt)

.data           0x0000000000000000      0xfb8
 *(.data)
 .data          0x0000000000000000      0xf78 /home/yongkyun/glibc/build/elf/dl-allobjs.os
                0x0000000000000000                _rtld_global
                0x0000000000000000                _rtld_local
 .data          0x0000000000000f78        0x0 /home/yongkyun/glibc/build/libc_pic.a(check_fds.os)
 .data          0x0000000000000f78        0x0 /home/yongkyun/glibc/build/libc_pic.a(errno.os)
 .data          0x0000000000000f78        0x0 /home/yongkyun/glibc/build/libc_pic.a(setjmp.os)
 .data          0x0000000000000f78        0x0 /home/yongkyun/glibc/build/libc_pic.a(__longjmp.os)
 .data          0x0000000000000f78        0x0 /home/yongkyun/glibc/build/libc_pic.a(strchr.os)
 .data          0x0000000000000f78        0x0 /home/yongkyun/glibc/build/libc_pic.a(strcmp.os)
 .data          0x0000000000000f78        0x0 /home/yongkyun/glibc/build/libc_pic.a(strcspn.os)
 .data          0x0000000000000f78        0x0 /home/yongkyun/glibc/build/libc_pic.a(strdup.os)
 .data          0x0000000000000f78        0x0 /home/yongkyun/glibc/build/libc_pic.a(strlen.os)
 .data          0x0000000000000f78        0x0 /home/yongkyun/glibc/build/libc_pic.a(strnlen.os)
 .data          0x0000000000000f78        0x0 /home/yongkyun/glibc/build/libc_pic.a(memchr.os)
 .data          0x0000000000000f78        0x0 /home/yongkyun/glibc/build/libc_pic.a(memcmp.os)
 .data          0x0000000000000f78        0x0 /home/yongkyun/glibc/build/libc_pic.a(memmove.os)
 .data          0x0000000000000f78        0x0 /home/yongkyun/glibc/build/libc_pic.a(memset.os)
 .data          0x0000000000000f78        0x0 /home/yongkyun/glibc/build/libc_pic.a(mempcpy.os)
 .data          0x0000000000000f78        0x0 /home/yongkyun/glibc/build/libc_pic.a(stpcpy.os)
 .data          0x0000000000000f78        0x0 /home/yongkyun/glibc/build/libc_pic.a(memcpy.os)
 .data          0x0000000000000f78        0x0 /home/yongkyun/glibc/build/libc_pic.a(rawmemchr.os)
 .data          0x0000000000000f78        0x0 /home/yongkyun/glibc/build/libc_pic.a(strcmp-sse2.os)
 .data          0x0000000000000f78        0x0 /home/yongkyun/glibc/build/libc_pic.a(strcmp-sse2-unaligned.os)
 .data          0x0000000000000f78        0x0 /home/yongkyun/glibc/build/libc_pic.a(strcmp-ssse3.os)
 .data          0x0000000000000f78        0x0 /home/yongkyun/glibc/build/libc_pic.a(memchr-sse2.os)
 .data          0x0000000000000f78        0x0 /home/yongkyun/glibc/build/libc_pic.a(rawmemchr-sse2.os)
 .data          0x0000000000000f78        0x0 /home/yongkyun/glibc/build/libc_pic.a(memchr-avx2.os)
 .data          0x0000000000000f78        0x0 /home/yongkyun/glibc/build/libc_pic.a(rawmemchr-avx2.os)
 .data          0x0000000000000f78        0x0 /home/yongkyun/glibc/build/libc_pic.a(memcmp-sse2.os)
 .data          0x0000000000000f78        0x0 /home/yongkyun/glibc/build/libc_pic.a(memcmp-avx2-movbe.os)
 .data          0x0000000000000f78        0x0 /home/yongkyun/glibc/build/libc_pic.a(memcmp-sse4.os)
 .data          0x0000000000000f78        0x0 /home/yongkyun/glibc/build/libc_pic.a(memcpy-ssse3.os)
 .data          0x0000000000000f78        0x0 /home/yongkyun/glibc/build/libc_pic.a(memmove-ssse3.os)
 .data          0x0000000000000f78        0x0 /home/yongkyun/glibc/build/libc_pic.a(memcpy-ssse3-back.os)
 .data          0x0000000000000f78        0x0 /home/yongkyun/glibc/build/libc_pic.a(memmove-ssse3-back.os)
 .data          0x0000000000000f78        0x0 /home/yongkyun/glibc/build/libc_pic.a(memmove-avx512-no-vzeroupper.os)
 .data          0x0000000000000f78        0x0 /home/yongkyun/glibc/build/libc_pic.a(strchr-sse2.os)
 .data          0x0000000000000f78        0x0 /home/yongkyun/glibc/build/libc_pic.a(strchr-avx2.os)
 .data          0x0000000000000f78        0x0 /home/yongkyun/glibc/build/libc_pic.a(strlen-sse2.os)
 .data          0x0000000000000f78        0x0 /home/yongkyun/glibc/build/libc_pic.a(strnlen-sse2.os)
 .data          0x0000000000000f78        0x0 /home/yongkyun/glibc/build/libc_pic.a(strlen-avx2.os)
 .data          0x0000000000000f78        0x0 /home/yongkyun/glibc/build/libc_pic.a(strnlen-avx2.os)
 .data          0x0000000000000f78        0x0 /home/yongkyun/glibc/build/libc_pic.a(stpcpy-sse2.os)
 .data          0x0000000000000f78        0x0 /home/yongkyun/glibc/build/libc_pic.a(stpcpy-ssse3.os)
 .data          0x0000000000000f78        0x0 /home/yongkyun/glibc/build/libc_pic.a(stpcpy-sse2-unaligned.os)
 .data          0x0000000000000f78        0x0 /home/yongkyun/glibc/build/libc_pic.a(strchr-sse2-no-bsf.os)
 .data          0x0000000000000f78        0x0 /home/yongkyun/glibc/build/libc_pic.a(memcmp-ssse3.os)
 .data          0x0000000000000f78        0x0 /home/yongkyun/glibc/build/libc_pic.a(strcspn-sse2.os)
 .data          0x0000000000000f78        0x0 /home/yongkyun/glibc/build/libc_pic.a(strcspn-c.os)
 .data          0x0000000000000f78        0x0 /home/yongkyun/glibc/build/libc_pic.a(varshift.os)
 .data          0x0000000000000f78        0x0 /home/yongkyun/glibc/build/libc_pic.a(memset-avx512-no-vzeroupper.os)
 .data          0x0000000000000f78        0x0 /home/yongkyun/glibc/build/libc_pic.a(memmove-sse2-unaligned-erms.os)
 .data          0x0000000000000f78        0x0 /home/yongkyun/glibc/build/libc_pic.a(memmove-avx-unaligned-erms.os)
 .data          0x0000000000000f78        0x0 /home/yongkyun/glibc/build/libc_pic.a(memmove-avx512-unaligned-erms.os)
 .data          0x0000000000000f78        0x0 /home/yongkyun/glibc/build/libc_pic.a(memset-sse2-unaligned-erms.os)
 .data          0x0000000000000f78        0x0 /home/yongkyun/glibc/build/libc_pic.a(memset-avx2-unaligned-erms.os)
 .data          0x0000000000000f78        0x0 /home/yongkyun/glibc/build/libc_pic.a(memset-avx512-unaligned-erms.os)
 .data          0x0000000000000f78       0x40 /home/yongkyun/glibc/build/libc_pic.a(cacheinfo.os)
                0x0000000000000f78                __x86_raw_shared_cache_size
                0x0000000000000f80                __x86_raw_shared_cache_size_half
                0x0000000000000f88                __x86_shared_cache_size
                0x0000000000000f90                __x86_shared_cache_size_half
                0x0000000000000f98                __x86_raw_data_cache_size
                0x0000000000000fa0                __x86_raw_data_cache_size_half
                0x0000000000000fa8                __x86_data_cache_size
                0x0000000000000fb0                __x86_data_cache_size_half
 .data          0x0000000000000fb8        0x0 /home/yongkyun/glibc/build/libc_pic.a(closedir.os)
 .data          0x0000000000000fb8        0x0 /home/yongkyun/glibc/build/libc_pic.a(readdir.os)
 .data          0x0000000000000fb8        0x0 /home/yongkyun/glibc/build/libc_pic.a(rewinddir.os)
 .data          0x0000000000000fb8        0x0 /home/yongkyun/glibc/build/libc_pic.a(getdents.os)
 .data          0x0000000000000fb8        0x0 /home/yongkyun/glibc/build/libc_pic.a(fdopendir.os)
 .data          0x0000000000000fb8        0x0 /home/yongkyun/glibc/build/libc_pic.a(uname.os)
 .data          0x0000000000000fb8        0x0 /home/yongkyun/glibc/build/libc_pic.a(_exit.os)
 .data          0x0000000000000fb8        0x0 /home/yongkyun/glibc/build/libc_pic.a(getpid.os)
 .data          0x0000000000000fb8        0x0 /home/yongkyun/glibc/build/libc_pic.a(environ.os)
 .data          0x0000000000000fb8        0x0 /home/yongkyun/glibc/build/libc_pic.a(xstat.os)
 .data          0x0000000000000fb8        0x0 /home/yongkyun/glibc/build/libc_pic.a(fxstat.os)
 .data          0x0000000000000fb8        0x0 /home/yongkyun/glibc/build/libc_pic.a(lxstat.os)
 .data          0x0000000000000fb8        0x0 /home/yongkyun/glibc/build/libc_pic.a(open64.os)
 .data          0x0000000000000fb8        0x0 /home/yongkyun/glibc/build/libc_pic.a(read.os)
 .data          0x0000000000000fb8        0x0 /home/yongkyun/glibc/build/libc_pic.a(write.os)
 .data          0x0000000000000fb8        0x0 /home/yongkyun/glibc/build/libc_pic.a(lseek64.os)
 .data          0x0000000000000fb8        0x0 /home/yongkyun/glibc/build/libc_pic.a(access.os)
 .data          0x0000000000000fb8        0x0 /home/yongkyun/glibc/build/libc_pic.a(fcntl.os)
 .data          0x0000000000000fb8        0x0 /home/yongkyun/glibc/build/libc_pic.a(close.os)
 .data          0x0000000000000fb8        0x0 /home/yongkyun/glibc/build/libc_pic.a(mmap64.os)
 .data          0x0000000000000fb8        0x0 /home/yongkyun/glibc/build/libc_pic.a(munmap.os)
 .data          0x0000000000000fb8        0x0 /home/yongkyun/glibc/build/libc_pic.a(mprotect.os)
 .data          0x0000000000000fb8        0x0 /home/yongkyun/glibc/build/libc_pic.a(profil.os)
 .data          0x0000000000000fb8        0x0 /home/yongkyun/glibc/build/libc_pic.a(prof-freq.os)
 .data          0x0000000000000fb8        0x0 /home/yongkyun/glibc/build/libc_pic.a(libc-lowlevellock.os)
 .data          0x0000000000000fb8        0x0 /home/yongkyun/glibc/build/libc_pic.a(libc-cancellation.os)
 .data          0x0000000000000fb8        0x0 /home/yongkyun/glibc/build/libc_pic.a(libc_multiple_threads.os)
 .data          0x0000000000000fb8        0x0 /home/yongkyun/glibc/build/libc_pic.a(dl-addr-obj.os)
 .data          0x0000000000000fb8        0x0 /home/yongkyun/glibc/build/libc_pic.a(sigaction.os)
 .data          0x0000000000000fb8        0x0 /home/yongkyun/glibc/build/libc_pic.a(setitimer.os)
 .data          0x0000000000000fb8        0x0 /home/yongkyun/glibc/build/libc_pic.a(forward.os)
 .data          0x0000000000000fb8        0x0 /home/yongkyun/glibc/build/libc_pic.a(exit.os)
 .data          0x0000000000000fb8        0x0 /home/yongkyun/glibc/build/libc_pic.a(cxa_atexit.os)
 .data          0x0000000000000fb8        0x0 /home/yongkyun/glibc/build/libc_pic.a(cxa_thread_atexit_impl.os)

.data.rel.ro    0x0000000000000000      0x674
 .data.rel.ro   0x0000000000000000      0x674 /home/yongkyun/glibc/build/elf/dl-allobjs.os
                0x00000000000000b0                __pointer_chk_guard_local
                0x00000000000000b8                _dl_skip_args
                0x00000000000000c0                __GI__dl_argv
                0x00000000000000c0                _dl_argv
                0x00000000000000c8                _dl_argc
                0x00000000000000e0                _rtld_global_ro
                0x00000000000000e0                _rtld_local_ro
                0x00000000000002d0                __stack_prot
                0x0000000000000660                _dl_random
                0x0000000000000668                __libc_stack_end
                0x0000000000000668                __GI___libc_stack_end
                0x0000000000000670                __GI___libc_enable_secure
                0x0000000000000670                __libc_enable_secure

.init_array     0x0000000000000000        0x8
 .init_array    0x0000000000000000        0x8 /home/yongkyun/glibc/build/libc_pic.a(cacheinfo.os)

.data.rel.local
                0x0000000000000000        0x8
 .data.rel.local
                0x0000000000000000        0x8 /home/yongkyun/glibc/build/libc_pic.a(cxa_atexit.os)
                0x0000000000000000                __exit_funcs

.data1
 *(.data1)

.bss            0x0000000000000000      0x614
 *(.dynbss)
 *(.bss)
 .bss           0x0000000000000000      0x118 /home/yongkyun/glibc/build/elf/dl-allobjs.os
                0x00000000000000e0                __libc_multiple_libcs
                0x0000000000000110                __curbrk
 .bss           0x0000000000000118        0x0 /home/yongkyun/glibc/build/libc_pic.a(check_fds.os)
 .bss           0x0000000000000118        0x0 /home/yongkyun/glibc/build/libc_pic.a(errno.os)
 .bss           0x0000000000000118        0x0 /home/yongkyun/glibc/build/libc_pic.a(setjmp.os)
 .bss           0x0000000000000118        0x0 /home/yongkyun/glibc/build/libc_pic.a(__longjmp.os)
 .bss           0x0000000000000118        0x0 /home/yongkyun/glibc/build/libc_pic.a(strchr.os)
 .bss           0x0000000000000118        0x0 /home/yongkyun/glibc/build/libc_pic.a(strcmp.os)
 .bss           0x0000000000000118        0x0 /home/yongkyun/glibc/build/libc_pic.a(strcspn.os)
 .bss           0x0000000000000118        0x0 /home/yongkyun/glibc/build/libc_pic.a(strdup.os)
 .bss           0x0000000000000118        0x0 /home/yongkyun/glibc/build/libc_pic.a(strlen.os)
 .bss           0x0000000000000118        0x0 /home/yongkyun/glibc/build/libc_pic.a(strnlen.os)
 .bss           0x0000000000000118        0x0 /home/yongkyun/glibc/build/libc_pic.a(memchr.os)
 .bss           0x0000000000000118        0x0 /home/yongkyun/glibc/build/libc_pic.a(memcmp.os)
 .bss           0x0000000000000118        0x0 /home/yongkyun/glibc/build/libc_pic.a(memmove.os)
 .bss           0x0000000000000118        0x0 /home/yongkyun/glibc/build/libc_pic.a(memset.os)
 .bss           0x0000000000000118        0x0 /home/yongkyun/glibc/build/libc_pic.a(mempcpy.os)
 .bss           0x0000000000000118        0x0 /home/yongkyun/glibc/build/libc_pic.a(stpcpy.os)
 .bss           0x0000000000000118        0x0 /home/yongkyun/glibc/build/libc_pic.a(memcpy.os)
 .bss           0x0000000000000118        0x0 /home/yongkyun/glibc/build/libc_pic.a(rawmemchr.os)
 .bss           0x0000000000000118        0x0 /home/yongkyun/glibc/build/libc_pic.a(strcmp-sse2.os)
 .bss           0x0000000000000118        0x0 /home/yongkyun/glibc/build/libc_pic.a(strcmp-sse2-unaligned.os)
 .bss           0x0000000000000118        0x0 /home/yongkyun/glibc/build/libc_pic.a(strcmp-ssse3.os)
 .bss           0x0000000000000118        0x0 /home/yongkyun/glibc/build/libc_pic.a(memchr-sse2.os)
 .bss           0x0000000000000118        0x0 /home/yongkyun/glibc/build/libc_pic.a(rawmemchr-sse2.os)
 .bss           0x0000000000000118        0x0 /home/yongkyun/glibc/build/libc_pic.a(memchr-avx2.os)
 .bss           0x0000000000000118        0x0 /home/yongkyun/glibc/build/libc_pic.a(rawmemchr-avx2.os)
 .bss           0x0000000000000118        0x0 /home/yongkyun/glibc/build/libc_pic.a(memcmp-sse2.os)
 .bss           0x0000000000000118        0x0 /home/yongkyun/glibc/build/libc_pic.a(memcmp-avx2-movbe.os)
 .bss           0x0000000000000118        0x0 /home/yongkyun/glibc/build/libc_pic.a(memcmp-sse4.os)
 .bss           0x0000000000000118        0x0 /home/yongkyun/glibc/build/libc_pic.a(memcpy-ssse3.os)
 .bss           0x0000000000000118        0x0 /home/yongkyun/glibc/build/libc_pic.a(memmove-ssse3.os)
 .bss           0x0000000000000118        0x0 /home/yongkyun/glibc/build/libc_pic.a(memcpy-ssse3-back.os)
 .bss           0x0000000000000118        0x0 /home/yongkyun/glibc/build/libc_pic.a(memmove-ssse3-back.os)
 .bss           0x0000000000000118        0x0 /home/yongkyun/glibc/build/libc_pic.a(memmove-avx512-no-vzeroupper.os)
 .bss           0x0000000000000118        0x0 /home/yongkyun/glibc/build/libc_pic.a(strchr-sse2.os)
 .bss           0x0000000000000118        0x0 /home/yongkyun/glibc/build/libc_pic.a(strchr-avx2.os)
 .bss           0x0000000000000118        0x0 /home/yongkyun/glibc/build/libc_pic.a(strlen-sse2.os)
 .bss           0x0000000000000118        0x0 /home/yongkyun/glibc/build/libc_pic.a(strnlen-sse2.os)
 .bss           0x0000000000000118        0x0 /home/yongkyun/glibc/build/libc_pic.a(strlen-avx2.os)
 .bss           0x0000000000000118        0x0 /home/yongkyun/glibc/build/libc_pic.a(strnlen-avx2.os)
 .bss           0x0000000000000118        0x0 /home/yongkyun/glibc/build/libc_pic.a(stpcpy-sse2.os)
 .bss           0x0000000000000118        0x0 /home/yongkyun/glibc/build/libc_pic.a(stpcpy-ssse3.os)
 .bss           0x0000000000000118        0x0 /home/yongkyun/glibc/build/libc_pic.a(stpcpy-sse2-unaligned.os)
 .bss           0x0000000000000118        0x0 /home/yongkyun/glibc/build/libc_pic.a(strchr-sse2-no-bsf.os)
 .bss           0x0000000000000118        0x0 /home/yongkyun/glibc/build/libc_pic.a(memcmp-ssse3.os)
 .bss           0x0000000000000118        0x0 /home/yongkyun/glibc/build/libc_pic.a(strcspn-sse2.os)
 .bss           0x0000000000000118        0x0 /home/yongkyun/glibc/build/libc_pic.a(strcspn-c.os)
 .bss           0x0000000000000118        0x0 /home/yongkyun/glibc/build/libc_pic.a(varshift.os)
 .bss           0x0000000000000118        0x0 /home/yongkyun/glibc/build/libc_pic.a(memset-avx512-no-vzeroupper.os)
 .bss           0x0000000000000118        0x0 /home/yongkyun/glibc/build/libc_pic.a(memmove-sse2-unaligned-erms.os)
 .bss           0x0000000000000118        0x0 /home/yongkyun/glibc/build/libc_pic.a(memmove-avx-unaligned-erms.os)
 .bss           0x0000000000000118        0x0 /home/yongkyun/glibc/build/libc_pic.a(memmove-avx512-unaligned-erms.os)
 .bss           0x0000000000000118        0x0 /home/yongkyun/glibc/build/libc_pic.a(memset-sse2-unaligned-erms.os)
 .bss           0x0000000000000118        0x0 /home/yongkyun/glibc/build/libc_pic.a(memset-avx2-unaligned-erms.os)
 .bss           0x0000000000000118        0x0 /home/yongkyun/glibc/build/libc_pic.a(memset-avx512-unaligned-erms.os)
 .bss           0x0000000000000118        0x0 /home/yongkyun/glibc/build/libc_pic.a(cacheinfo.os)
 .bss           0x0000000000000118        0x0 /home/yongkyun/glibc/build/libc_pic.a(closedir.os)
 .bss           0x0000000000000118        0x0 /home/yongkyun/glibc/build/libc_pic.a(readdir.os)
 .bss           0x0000000000000118        0x0 /home/yongkyun/glibc/build/libc_pic.a(rewinddir.os)
 .bss           0x0000000000000118        0x0 /home/yongkyun/glibc/build/libc_pic.a(getdents.os)
 .bss           0x0000000000000118        0x0 /home/yongkyun/glibc/build/libc_pic.a(fdopendir.os)
 .bss           0x0000000000000118        0x0 /home/yongkyun/glibc/build/libc_pic.a(uname.os)
 .bss           0x0000000000000118        0x0 /home/yongkyun/glibc/build/libc_pic.a(_exit.os)
 .bss           0x0000000000000118        0x0 /home/yongkyun/glibc/build/libc_pic.a(getpid.os)
 .bss           0x0000000000000118        0x8 /home/yongkyun/glibc/build/libc_pic.a(environ.os)
                0x0000000000000118                _environ
                0x0000000000000118                __environ
                0x0000000000000118                environ
 .bss           0x0000000000000120        0x0 /home/yongkyun/glibc/build/libc_pic.a(xstat.os)
 .bss           0x0000000000000120        0x0 /home/yongkyun/glibc/build/libc_pic.a(fxstat.os)
 .bss           0x0000000000000120        0x0 /home/yongkyun/glibc/build/libc_pic.a(lxstat.os)
 .bss           0x0000000000000120        0x0 /home/yongkyun/glibc/build/libc_pic.a(open64.os)
 .bss           0x0000000000000120        0x0 /home/yongkyun/glibc/build/libc_pic.a(read.os)
 .bss           0x0000000000000120        0x0 /home/yongkyun/glibc/build/libc_pic.a(write.os)
 .bss           0x0000000000000120        0x0 /home/yongkyun/glibc/build/libc_pic.a(lseek64.os)
 .bss           0x0000000000000120        0x0 /home/yongkyun/glibc/build/libc_pic.a(access.os)
 .bss           0x0000000000000120        0x0 /home/yongkyun/glibc/build/libc_pic.a(fcntl.os)
 .bss           0x0000000000000120        0x0 /home/yongkyun/glibc/build/libc_pic.a(close.os)
 .bss           0x0000000000000120        0x0 /home/yongkyun/glibc/build/libc_pic.a(mmap64.os)
 .bss           0x0000000000000120        0x0 /home/yongkyun/glibc/build/libc_pic.a(munmap.os)
 .bss           0x0000000000000120        0x0 /home/yongkyun/glibc/build/libc_pic.a(mprotect.os)
 .bss           0x0000000000000120       0xe0 /home/yongkyun/glibc/build/libc_pic.a(profil.os)
 .bss           0x0000000000000200        0x0 /home/yongkyun/glibc/build/libc_pic.a(prof-freq.os)
 .bss           0x0000000000000200        0x0 /home/yongkyun/glibc/build/libc_pic.a(libc-lowlevellock.os)
 .bss           0x0000000000000200        0x0 /home/yongkyun/glibc/build/libc_pic.a(libc-cancellation.os)
 .bss           0x0000000000000200        0x0 /home/yongkyun/glibc/build/libc_pic.a(libc_multiple_threads.os)
 .bss           0x0000000000000200        0x0 /home/yongkyun/glibc/build/libc_pic.a(dl-addr-obj.os)
 .bss           0x0000000000000200        0x0 /home/yongkyun/glibc/build/libc_pic.a(sigaction.os)
 .bss           0x0000000000000200        0x0 /home/yongkyun/glibc/build/libc_pic.a(setitimer.os)
 .bss           0x0000000000000200        0x0 /home/yongkyun/glibc/build/libc_pic.a(forward.os)
 .bss           0x0000000000000200        0x0 /home/yongkyun/glibc/build/libc_pic.a(exit.os)
 .bss           0x0000000000000200      0x414 /home/yongkyun/glibc/build/libc_pic.a(cxa_atexit.os)
 .bss           0x0000000000000614        0x0 /home/yongkyun/glibc/build/libc_pic.a(cxa_thread_atexit_impl.os)
 *(COMMON)
 COMMON         0x0000000000000614        0x0 /home/yongkyun/glibc/build/elf/dl-allobjs.os
 COMMON         0x0000000000000614        0x0 /home/yongkyun/glibc/build/libc_pic.a(cacheinfo.os)
 COMMON         0x0000000000000614        0x0 /home/yongkyun/glibc/build/libc_pic.a(libc_multiple_threads.os)
 COMMON         0x0000000000000614        0x0 /home/yongkyun/glibc/build/libc_pic.a(forward.os)
 COMMON         0x0000000000000614        0x0 /home/yongkyun/glibc/build/libc_pic.a(cxa_atexit.os)

.lbss
 *(.dynlbss)
 *(.lbss)
 *(LARGE_COMMON)

.lrodata
 *(.lrodata)

.ldata
 *(.ldata)

.stab
 *(.stab)

.stabstr
 *(.stabstr)

.stab.excl
 *(.stab.excl)

.stab.exclstr
 *(.stab.exclstr)

.stab.index
 *(.stab.index)

.stab.indexstr
 *(.stab.indexstr)

.comment        0x0000000000000000     0x10fa
 *(.comment)
 .comment       0x0000000000000000      0x774 /home/yongkyun/glibc/build/elf/dl-allobjs.os
 .comment       0x0000000000000774       0x35 /home/yongkyun/glibc/build/libc_pic.a(check_fds.os)
 .comment       0x00000000000007a9       0x35 /home/yongkyun/glibc/build/libc_pic.a(errno.os)
 .comment       0x00000000000007de       0x35 /home/yongkyun/glibc/build/libc_pic.a(strchr.os)
 .comment       0x0000000000000813       0x35 /home/yongkyun/glibc/build/libc_pic.a(strcmp.os)
 .comment       0x0000000000000848       0x35 /home/yongkyun/glibc/build/libc_pic.a(strcspn.os)
 .comment       0x000000000000087d       0x35 /home/yongkyun/glibc/build/libc_pic.a(strdup.os)
 .comment       0x00000000000008b2       0x35 /home/yongkyun/glibc/build/libc_pic.a(strlen.os)
 .comment       0x00000000000008e7       0x35 /home/yongkyun/glibc/build/libc_pic.a(strnlen.os)
 .comment       0x000000000000091c       0x35 /home/yongkyun/glibc/build/libc_pic.a(memchr.os)
 .comment       0x0000000000000951       0x35 /home/yongkyun/glibc/build/libc_pic.a(memcmp.os)
 .comment       0x0000000000000986       0x35 /home/yongkyun/glibc/build/libc_pic.a(memmove.os)
 .comment       0x00000000000009bb       0x35 /home/yongkyun/glibc/build/libc_pic.a(memset.os)
 .comment       0x00000000000009f0       0x35 /home/yongkyun/glibc/build/libc_pic.a(mempcpy.os)
 .comment       0x0000000000000a25       0x35 /home/yongkyun/glibc/build/libc_pic.a(stpcpy.os)
 .comment       0x0000000000000a5a       0x35 /home/yongkyun/glibc/build/libc_pic.a(memcpy.os)
 .comment       0x0000000000000a8f       0x35 /home/yongkyun/glibc/build/libc_pic.a(rawmemchr.os)
 .comment       0x0000000000000ac4       0x35 /home/yongkyun/glibc/build/libc_pic.a(strcspn-c.os)
 .comment       0x0000000000000af9       0x35 /home/yongkyun/glibc/build/libc_pic.a(varshift.os)
 .comment       0x0000000000000b2e       0x35 /home/yongkyun/glibc/build/libc_pic.a(cacheinfo.os)
 .comment       0x0000000000000b63       0x35 /home/yongkyun/glibc/build/libc_pic.a(closedir.os)
 .comment       0x0000000000000b98       0x35 /home/yongkyun/glibc/build/libc_pic.a(readdir.os)
 .comment       0x0000000000000bcd       0x35 /home/yongkyun/glibc/build/libc_pic.a(rewinddir.os)
 .comment       0x0000000000000c02       0x35 /home/yongkyun/glibc/build/libc_pic.a(getdents.os)
 .comment       0x0000000000000c37       0x35 /home/yongkyun/glibc/build/libc_pic.a(fdopendir.os)
 .comment       0x0000000000000c6c       0x35 /home/yongkyun/glibc/build/libc_pic.a(_exit.os)
 .comment       0x0000000000000ca1       0x35 /home/yongkyun/glibc/build/libc_pic.a(environ.os)
 .comment       0x0000000000000cd6       0x35 /home/yongkyun/glibc/build/libc_pic.a(xstat.os)
 .comment       0x0000000000000d0b       0x35 /home/yongkyun/glibc/build/libc_pic.a(fxstat.os)
 .comment       0x0000000000000d40       0x35 /home/yongkyun/glibc/build/libc_pic.a(lxstat.os)
 .comment       0x0000000000000d75       0x35 /home/yongkyun/glibc/build/libc_pic.a(open64.os)
 .comment       0x0000000000000daa       0x35 /home/yongkyun/glibc/build/libc_pic.a(read.os)
 .comment       0x0000000000000ddf       0x35 /home/yongkyun/glibc/build/libc_pic.a(write.os)
 .comment       0x0000000000000e14       0x35 /home/yongkyun/glibc/build/libc_pic.a(lseek64.os)
 .comment       0x0000000000000e49       0x35 /home/yongkyun/glibc/build/libc_pic.a(access.os)
 .comment       0x0000000000000e7e       0x35 /home/yongkyun/glibc/build/libc_pic.a(fcntl.os)
 .comment       0x0000000000000eb3       0x35 /home/yongkyun/glibc/build/libc_pic.a(close.os)
 .comment       0x0000000000000ee8       0x35 /home/yongkyun/glibc/build/libc_pic.a(mmap64.os)
 .comment       0x0000000000000f1d       0x35 /home/yongkyun/glibc/build/libc_pic.a(profil.os)
 .comment       0x0000000000000f52       0x35 /home/yongkyun/glibc/build/libc_pic.a(prof-freq.os)
 .comment       0x0000000000000f87       0x35 /home/yongkyun/glibc/build/libc_pic.a(libc_multiple_threads.os)
 .comment       0x0000000000000fbc       0x35 /home/yongkyun/glibc/build/libc_pic.a(dl-addr-obj.os)
 .comment       0x0000000000000ff1       0x35 /home/yongkyun/glibc/build/libc_pic.a(sigaction.os)
 .comment       0x0000000000001026       0x35 /home/yongkyun/glibc/build/libc_pic.a(forward.os)
 .comment       0x000000000000105b       0x35 /home/yongkyun/glibc/build/libc_pic.a(exit.os)
 .comment       0x0000000000001090       0x35 /home/yongkyun/glibc/build/libc_pic.a(cxa_atexit.os)
 .comment       0x00000000000010c5       0x35 /home/yongkyun/glibc/build/libc_pic.a(cxa_thread_atexit_impl.os)

.note.GNU-stack
                0x0000000000000000        0x0
 .note.GNU-stack
                0x0000000000000000        0x0 /home/yongkyun/glibc/build/elf/dl-allobjs.os
 .note.GNU-stack
                0x0000000000000000        0x0 /home/yongkyun/glibc/build/libc_pic.a(check_fds.os)
 .note.GNU-stack
                0x0000000000000000        0x0 /home/yongkyun/glibc/build/libc_pic.a(errno.os)
 .note.GNU-stack
                0x0000000000000000        0x0 /home/yongkyun/glibc/build/libc_pic.a(setjmp.os)
 .note.GNU-stack
                0x0000000000000000        0x0 /home/yongkyun/glibc/build/libc_pic.a(__longjmp.os)
 .note.GNU-stack
                0x0000000000000000        0x0 /home/yongkyun/glibc/build/libc_pic.a(strchr.os)
 .note.GNU-stack
                0x0000000000000000        0x0 /home/yongkyun/glibc/build/libc_pic.a(strcmp.os)
 .note.GNU-stack
                0x0000000000000000        0x0 /home/yongkyun/glibc/build/libc_pic.a(strcspn.os)
 .note.GNU-stack
                0x0000000000000000        0x0 /home/yongkyun/glibc/build/libc_pic.a(strdup.os)
 .note.GNU-stack
                0x0000000000000000        0x0 /home/yongkyun/glibc/build/libc_pic.a(strlen.os)
 .note.GNU-stack
                0x0000000000000000        0x0 /home/yongkyun/glibc/build/libc_pic.a(strnlen.os)
 .note.GNU-stack
                0x0000000000000000        0x0 /home/yongkyun/glibc/build/libc_pic.a(memchr.os)
 .note.GNU-stack
                0x0000000000000000        0x0 /home/yongkyun/glibc/build/libc_pic.a(memcmp.os)
 .note.GNU-stack
                0x0000000000000000        0x0 /home/yongkyun/glibc/build/libc_pic.a(memmove.os)
 .note.GNU-stack
                0x0000000000000000        0x0 /home/yongkyun/glibc/build/libc_pic.a(memset.os)
 .note.GNU-stack